Archive member included to satisfy reference by file (symbol)

G:\╄    单片机\WCH\CH573\EVT\EXAM\SRC\StdPeriphDriver\libISP573.a(ISP573.o)
                              ./StdPeriphDriver/CH57x_pwr.o (FLASH_EEPROM_CMD)
G:\╄    单片机\WCH\CH573\EVT\EXAM\BLE\LIB\libCH57xBLE.a(message.o)
                              ./HAL/MCU.o (tmos_msg_deallocate)
G:\╄    单片机\WCH\CH573\EVT\EXAM\BLE\LIB\libCH57xBLE.a(tmos.o)
                              ./Profile/devinfoservice.o (tmos_memcpy)
G:\╄    单片机\WCH\CH573\EVT\EXAM\BLE\LIB\libCH57xBLE.a(tmos_hw.o)
                              G:\╄    单片机\WCH\CH573\EVT\EXAM\BLE\LIB\libCH57xBLE.a(tmos.o) (RTC_Get32KClock)
G:\╄    单片机\WCH\CH573\EVT\EXAM\BLE\LIB\libCH57xBLE.a(tmos_snv.o)
                              G:\╄    单片机\WCH\CH573\EVT\EXAM\BLE\LIB\libCH57xBLE.a(tmos.o) (tmos_snv_init)
G:\╄    单片机\WCH\CH573\EVT\EXAM\BLE\LIB\libCH57xBLE.a(gap.o)
                              ./APP/broadcaster.o (GAP_SetParamValue)
G:\╄    单片机\WCH\CH573\EVT\EXAM\BLE\LIB\libCH57xBLE.a(gap_central.o)
                              G:\╄    单片机\WCH\CH573\EVT\EXAM\BLE\LIB\libCH57xBLE.a(gap.o) (GAP_CentralParamInit)
G:\╄    单片机\WCH\CH573\EVT\EXAM\BLE\LIB\libCH57xBLE.a(gap_peripheral.o)
                              G:\╄    单片机\WCH\CH573\EVT\EXAM\BLE\LIB\libCH57xBLE.a(gap.o) (GAP_PeripheralParamInit)
G:\╄    单片机\WCH\CH573\EVT\EXAM\BLE\LIB\libCH57xBLE.a(gatt_uuid.o)
                              ./Profile/devinfoservice.o (characterUUID)
G:\╄    单片机\WCH\CH573\EVT\EXAM\BLE\LIB\libCH57xBLE.a(gattservapp.o)
                              ./Profile/devinfoservice.o (GATTServApp_RegisterService)
G:\╄    单片机\WCH\CH573\EVT\EXAM\BLE\LIB\libCH57xBLE.a(l2cap.o)
                              G:\╄    单片机\WCH\CH573\EVT\EXAM\BLE\LIB\libCH57xBLE.a(gattservapp.o) (L2CAP_GetMTU)
G:\╄    单片机\WCH\CH573\EVT\EXAM\BLE\LIB\libCH57xBLE.a(l2cap_input.o)
                              G:\╄    单片机\WCH\CH573\EVT\EXAM\BLE\LIB\libCH57xBLE.a(l2cap.o) (l2capProcessRxData)
G:\╄    单片机\WCH\CH573\EVT\EXAM\BLE\LIB\libCH57xBLE.a(l2cap_output.o)
                              G:\╄    单片机\WCH\CH573\EVT\EXAM\BLE\LIB\libCH57xBLE.a(l2cap_input.o) (l2capNotifyData)
G:\╄    单片机\WCH\CH573\EVT\EXAM\BLE\LIB\libCH57xBLE.a(l2cap_sdu.o)
                              G:\╄    单片机\WCH\CH573\EVT\EXAM\BLE\LIB\libCH57xBLE.a(l2cap_input.o) (l2capBuildDisconnectRsp)
G:\╄    单片机\WCH\CH573\EVT\EXAM\BLE\LIB\libCH57xBLE.a(linkdb.o)
                              G:\╄    单片机\WCH\CH573\EVT\EXAM\BLE\LIB\libCH57xBLE.a(l2cap.o) (linkDB_Init)
G:\╄    单片机\WCH\CH573\EVT\EXAM\BLE\LIB\libCH57xBLE.a(sm.o)
                              G:\╄    单片机\WCH\CH573\EVT\EXAM\BLE\LIB\libCH57xBLE.a(gap.o) (smStartEncryption)
G:\╄    单片机\WCH\CH573\EVT\EXAM\BLE\LIB\libCH57xBLE.a(host_input.o)
                              G:\╄    单片机\WCH\CH573\EVT\EXAM\BLE\LIB\libCH57xBLE.a(gap.o) (gBleHostPara)
G:\╄    单片机\WCH\CH573\EVT\EXAM\BLE\LIB\libCH57xBLE.a(host_output.o)
                              G:\╄    单片机\WCH\CH573\EVT\EXAM\BLE\LIB\libCH57xBLE.a(gap.o) (HCI_DisconnectCmd)
G:\╄    单片机\WCH\CH573\EVT\EXAM\BLE\LIB\libCH57xBLE.a(ll_connect.o)
                              G:\╄    单片机\WCH\CH573\EVT\EXAM\BLE\LIB\libCH57xBLE.a(tmos.o) (LL_GetNextConnectEventTime)
G:\╄    单片机\WCH\CH573\EVT\EXAM\BLE\LIB\libCH57xBLE.a(ll_core.o)
                              G:\╄    单片机\WCH\CH573\EVT\EXAM\BLE\LIB\libCH57xBLE.a(ll_connect.o) (LL_CoreGetCore)
G:\╄    单片机\WCH\CH573\EVT\EXAM\BLE\LIB\libCH57xBLE.a(ll_hop.o)
                              G:\╄    单片机\WCH\CH573\EVT\EXAM\BLE\LIB\libCH57xBLE.a(ll_connect.o) (LL_HopGetChannel)
G:\╄    单片机\WCH\CH573\EVT\EXAM\BLE\LIB\libCH57xBLE.a(ll_master.o)
                              G:\╄    单片机\WCH\CH573\EVT\EXAM\BLE\LIB\libCH57xBLE.a(ll_connect.o) (ll_master_process)
G:\╄    单片机\WCH\CH573\EVT\EXAM\BLE\LIB\libCH57xBLE.a(ll_pdu.o)
                              G:\╄    单片机\WCH\CH573\EVT\EXAM\BLE\LIB\libCH57xBLE.a(ll_master.o) (LL_ConnectionUpdateReq)
G:\╄    单片机\WCH\CH573\EVT\EXAM\BLE\LIB\libCH57xBLE.a(ll_report.o)
                              G:\╄    单片机\WCH\CH573\EVT\EXAM\BLE\LIB\libCH57xBLE.a(ll_connect.o) (LL_ReportGenerateEvent)
G:\╄    单片机\WCH\CH573\EVT\EXAM\BLE\LIB\libCH57xBLE.a(ll_scan.o)
                              G:\╄    单片机\WCH\CH573\EVT\EXAM\BLE\LIB\libCH57xBLE.a(ll_master.o) (LL_ScanEnable)
G:\╄    单片机\WCH\CH573\EVT\EXAM\BLE\LIB\libCH57xBLE.a(ll_slave.o)
                              G:\╄    单片机\WCH\CH573\EVT\EXAM\BLE\LIB\libCH57xBLE.a(ll_connect.o) (ll_hw_timer_slave_recv_timeout)
G:\╄    单片机\WCH\CH573\EVT\EXAM\BLE\LIB\libCH57xBLE.a(ll_whitelist.o)
                              G:\╄    单片机\WCH\CH573\EVT\EXAM\BLE\LIB\libCH57xBLE.a(ll_scan.o) (LL_WhitelistLookup)
G:\╄    单片机\WCH\CH573\EVT\EXAM\BLE\LIB\libCH57xBLE.a(aes.o)
                              G:\╄    单片机\WCH\CH573\EVT\EXAM\BLE\LIB\libCH57xBLE.a(sm.o) (LL_Encrypt)
G:\╄    单片机\WCH\CH573\EVT\EXAM\BLE\LIB\libCH57xBLE.a(bb.o)
[...]
Memory Configuration

Name             Origin             Length             Attributes
FLASH            0x0000000000000000 0x0000000000070000 xr
RAM              0x0000000020003800 0x0000000000004800 xrw
*default*        0x0000000000000000 0xffffffffffffffff

Linker script and memory map

LOAD ./StdPeriphDriver/CH57x_adc.o
LOAD ./StdPeriphDriver/CH57x_clk.o
LOAD ./StdPeriphDriver/CH57x_flash.o
LOAD ./StdPeriphDriver/CH57x_gpio.o
LOAD ./StdPeriphDriver/CH57x_pwr.o
LOAD ./StdPeriphDriver/CH57x_sys.o
LOAD ./StdPeriphDriver/CH57x_uart1.o
LOAD ./Startup/startup_CH573.o
LOAD ./RVMSIS/core_riscv.o
LOAD ./Profile/devinfoservice.o
LOAD ./HAL/MCU.o
LOAD ./HAL/RTC.o
LOAD ./HAL/SLEEP.o
LOAD ./APP/broadcaster.o
LOAD ./APP/broadcaster_main.o
LOAD G:\╄    单片机\WCH\CH573\EVT\EXAM\SRC\StdPeriphDriver\libISP573.a
LOAD G:\╄    单片机\WCH\CH573\EVT\EXAM\BLE\LIB\libCH57xBLE.a
LOAD e:/mounriver/mounriver_studio/toolchain/risc-v embedded gcc/bin/../lib/gcc/riscv-none-embed/8.2.0/rv32imac/ilp32\libgcc.a
LOAD e:/mounriver/mounriver_studio/toolchain/risc-v embedded gcc/bin/../lib/gcc/riscv-none-embed/8.2.0/../../../../riscv-none-embed/lib/rv32imac/ilp32\libg_nano.a
LOAD e:/mounriver/mounriver_studio/toolchain/risc-v embedded gcc/bin/../lib/gcc/riscv-none-embed/8.2.0/../../../../riscv-none-embed/lib/rv32imac/ilp32\libc_nano.a
LOAD e:/mounriver/mounriver_studio/toolchain/risc-v embedded gcc/bin/../lib/gcc/riscv-none-embed/8.2.0/rv32imac/ilp32\libgcc.a
START GROUP
LOAD e:/mounriver/mounriver_studio/toolchain/risc-v embedded gcc/bin/../lib/gcc/riscv-none-embed/8.2.0/rv32imac/ilp32\libgcc.a
LOAD e:/mounriver/mounriver_studio/toolchain/risc-v embedded gcc/bin/../lib/gcc/riscv-none-embed/8.2.0/../../../../riscv-none-embed/lib/rv32imac/ilp32\libc_nano.a
LOAD e:/mounriver/mounriver_studio/toolchain/risc-v embedded gcc/bin/../lib/gcc/riscv-none-embed/8.2.0/../../../../riscv-none-embed/lib/rv32imac/ilp32\libnosys.a
END GROUP
START GROUP
LOAD e:/mounriver/mounriver_studio/toolchain/risc-v embedded gcc/bin/../lib/gcc/riscv-none-embed/8.2.0/rv32imac/ilp32\libgcc.a
LOAD e:/mounriver/mounriver_studio/toolchain/risc-v embedded gcc/bin/../lib/gcc/riscv-none-embed/8.2.0/../../../../riscv-none-embed/lib/rv32imac/ilp32\libc_nano.a
LOAD e:/mounriver/mounriver_studio/toolchain/risc-v embedded gcc/bin/../lib/gcc/riscv-none-embed/8.2.0/../../../../riscv-none-embed/lib/rv32imac/ilp32\libnosys.a
END GROUP

.init           0x0000000000000000        0x4
                0x0000000000000000                _sinit = .
                0x0000000000000000                . = ALIGN (0x4)
 *(SORT_NONE(.init))
 .init          0x0000000000000000        0x4 ./Startup/startup_CH573.o
                0x0000000000000000                _start
                0x0000000000000004                . = ALIGN (0x4)
                0x0000000000000004                _einit = .

.highcodelalign
                0x0000000000000004        0x0
                0x0000000000000004                . = ALIGN (0x4)
                0x0000000000000004                PROVIDE (_highcode_lma = .)

.highcode       0x0000000020003800     0x1318 load address 0x0000000000000004
                0x0000000020003800                . = ALIGN (0x4)
                0x0000000020003800                PROVIDE (_highcode_vma_start = .)
 *(.vector)
 .vector        0x0000000020003800       0x90 ./Startup/startup_CH573.o
 *(SORT_NONE(.vector_handler))
 .vector_handler
                0x0000000020003890       0x2c ./Startup/startup_CH573.o
                0x0000000020003890                NMI_Handler
                0x0000000020003894                SysTick_Handler
                0x0000000020003896                SW_Handler
                0x0000000020003898                TMR0_IRQHandler
                0x000000002000389a                GPIOA_IRQHandler
                0x000000002000389c                GPIOB_IRQHandler
                0x000000002000389e                SPI0_IRQHandler
                0x00000000200038a0                BB_IRQHandler
                0x00000000200038a2                LLE_IRQHandler
                0x00000000200038a4                USB_IRQHandler
                0x00000000200038a6                TMR1_IRQHandler
                0x00000000200038a8                TMR2_IRQHandler
                0x00000000200038aa                UART0_IRQHandler
                0x00000000200038ac                UART1_IRQHandler
                0x00000000200038b0                ADC_IRQHandler
                0x00000000200038b2                PWMX_IRQHandler
                0x00000000200038b4                TMR3_IRQHandler
                0x00000000200038b6                UART2_IRQHandler
                0x00000000200038b8                UART3_IRQHandler
                0x00000000200038ba                WDOG_BAT_IRQHandler
 *(.highcode)
 .highcode      0x00000000200038bc       0x4a ./StdPeriphDriver/CH57x_clk.o
                0x00000000200038bc                Get_Calibration_Cnt_RAM
 .highcode      0x0000000020003906      0x2b8 ./StdPeriphDriver/CH57x_pwr.o
                0x0000000020003906                LowPower_Idle
                0x0000000020003944                LowPower_Halt
                0x0000000020003a00                LowPower_Sleep
                0x0000000020003af0                LowPower_Shutdown
 .highcode      0x0000000020003bbe      0x1a8 ./StdPeriphDriver/CH57x_sys.o
                0x0000000020003bbe                SetSysClock
                0x0000000020003cba                SYS_ResetExecute
                0x0000000020003cf2                HardFault_Handler
                0x0000000020003d30                mDelayuS
                0x0000000020003d3e                mDelaymS
 .highcode      0x0000000020003d66       0x16 ./HAL/RTC.o
                0x0000000020003d66                RTC_IRQHandler
 .highcode      0x0000000020003d7c        0x8 ./APP/broadcaster_main.o
                0x0000000020003d7c                Main_Circulation
 .highcode      0x0000000020003d84      0x3ee G:\╄    单片机\WCH\CH573\EVT\EXAM\SRC\StdPeriphDriver\libISP573.a(ISP573.o)
                0x0000000020003d84                FLASH_ROM_BEG
                0x0000000020003d96                FLASH_ROM_END
                0x0000000020003da4                FLASH_ROM_IN
                0x0000000020003db2                FLASH_ROM_OUT
                0x0000000020003dc0                FLASH_ROM_ADDR
                0x0000000020003e08                FLASH_ROM_WAIT
                0x0000000020003e40                FLASH_EEPROM_CMD
 .highcode      0x0000000020004172      0x230 G:\╄    单片机\WCH\CH573\EVT\EXAM\BLE\LIB\libCH57xBLE.a(tmos.o)
                0x000000002000418e                tmos_memcpy
                0x00000000200041ae                tmos_memcpy_word
                0x00000000200041ca                TMOS_SystemProcess
 .highcode      0x00000000200043a2       0xc2 G:\╄    单片机\WCH\CH573\EVT\EXAM\BLE\LIB\libCH57xBLE.a(tmos_hw.o)
                0x00000000200043a2                BLE_GetHSEClock
                0x00000000200043e0                RTC_Get32KClock
                0x00000000200043f8                SYS_GetTickCount
 .highcode      0x0000000020004464      0x1b8 G:\╄    单片机\WCH\CH573\EVT\EXAM\BLE\LIB\libCH57xBLE.a(bb.o)
                0x0000000020004464                BB_IRQLibHandler
 .highcode      0x000000002000461c      0x198 G:\╄    单片机\WCH\CH573\EVT\EXAM\BLE\LIB\libCH57xBLE.a(ip.o)
                0x000000002000461c                ll_tx_wait_finish
                0x0000000020004648                ll_tx_wait_tx_dma
                0x00000000200046a6                ll_rx_wait_finish
                0x00000000200046dc                ll_rx_wait_tx_dma
                0x000000002000472a                ble_ll_chkcrc
 .highcode      0x00000000200047b4      0x17c G:\╄    单片机\WCH\CH573\EVT\EXAM\BLE\LIB\libCH57xBLE.a(lle.o)
                0x00000000200047b4                LLE_IRQLibHandler
 .highcode      0x0000000020004930       0x82 G:\╄    单片机\WCH\CH573\EVT\EXAM\BLE\LIB\libCH57xBLE.a(rf_fh.o)
                0x0000000020004930                RF_HopGetChannel
 .highcode      0x00000000200049b2       0x2c G:\╄    单片机\WCH\CH573\EVT\EXAM\BLE\LIB\libCH57xBLE.a(rfend.o)
                0x00000000200049b2                RFEND_WaitTune
 .highcode      0x00000000200049de      0x13a G:\╄    单片机\WCH\CH573\EVT\EXAM\BLE\LIB\libCH57xBLE.a(memory.o)
                0x00000000200049de                tmos_memory_allocate
                0x0000000020004a78                tmos_memory_free
 *(.highcode.*)
                0x0000000020004b18                . = ALIGN (0x4)
 *fill*         0x0000000020004b18        0x0 
                0x0000000020004b18                PROVIDE (_highcode_vma_end = .)

.text           0x000000000000131c    0x161f0
                0x000000000000131c                . = ALIGN (0x4)
 *(SORT_NONE(.handle_reset))
 .handle_reset  0x000000000000131c       0xa2 ./Startup/startup_CH573.o
                0x000000000000131c                handle_reset
 *(.text)
 .text          0x00000000000013be       0xa8 e:/mounriver/mounriver_studio/toolchain/risc-v embedded gcc/bin/../lib/gcc/riscv-none-embed/8.2.0/../../../../riscv-none-embed/lib/rv32imac/ilp32\libg_nano.a(lib_a-memset.o)
                0x00000000000013be                memset
 *(.text.*)
 .text.ADC_InterTSSampInit
                0x0000000000001466       0x28 ./StdPeriphDriver/CH57x_adc.o
                0x0000000000001466                ADC_InterTSSampInit
 .text.HSECFG_Current
                0x000000000000148e       0x2a ./StdPeriphDriver/CH57x_clk.o
                0x000000000000148e                HSECFG_Current
 .text.Calibration_LSI_FLASH
                0x00000000000014b8      0x26e ./StdPeriphDriver/CH57x_clk.o
                0x00000000000014b8                Calibration_LSI_FLASH
 .text.Calibration_LSI_RAM
                0x0000000000001726      0x22c ./StdPeriphDriver/CH57x_clk.o
                0x0000000000001726                Calibration_LSI_RAM
 .text.RTC_InitTime
                0x0000000000001952      0x134 ./StdPeriphDriver/CH57x_clk.o
                0x0000000000001952                RTC_InitTime
 .text.RTC_GetCycle32k
                0x0000000000001a86       0x18 ./StdPeriphDriver/CH57x_clk.o
                0x0000000000001a86                RTC_GetCycle32k
 .text.GPIOA_ModeCfg
                0x0000000000001a9e       0xa6 ./StdPeriphDriver/CH57x_gpio.o
                0x0000000000001a9e                GPIOA_ModeCfg
 .text.GPIOB_ModeCfg
                0x0000000000001b44       0xa6 ./StdPeriphDriver/CH57x_gpio.o
                0x0000000000001b44                GPIOB_ModeCfg
 .text.PWR_DCDCCfg
                0x0000000000001bea       0x7c ./StdPeriphDriver/CH57x_pwr.o
                0x0000000000001bea                PWR_DCDCCfg
 .text.GetSysClock
                0x0000000000001c66       0x42 ./StdPeriphDriver/CH57x_sys.o
                0x0000000000001c66                GetSysClock
 .text.SYS_DisableAllIrq
                0x0000000000001ca8       0x1c ./StdPeriphDriver/CH57x_sys.o
                0x0000000000001ca8                SYS_DisableAllIrq
 .text.SYS_RecoverIrq
                0x0000000000001cc4       0x14 ./StdPeriphDriver/CH57x_sys.o
                0x0000000000001cc4                SYS_RecoverIrq
 .text.SYS_GetSysTickCnt
                0x0000000000001cd8        0xa ./StdPeriphDriver/CH57x_sys.o
                0x0000000000001cd8                SYS_GetSysTickCnt
 .text._write   0x0000000000001ce2       0x28 ./StdPeriphDriver/CH57x_sys.o
                0x0000000000001ce2                _write
 .text.UART1_BaudRateCfg
                0x0000000000001d0a       0x30 ./StdPeriphDriver/CH57x_uart1.o
                0x0000000000001d0a                UART1_BaudRateCfg
 .text.UART1_DefInit
                0x0000000000001d3a       0x32 ./StdPeriphDriver/CH57x_uart1.o
                0x0000000000001d3a                UART1_DefInit
 .text.Lib_Calibration_LSI
                0x0000000000001d6c       0x2c ./HAL/MCU.o
                0x0000000000001d6c                Lib_Calibration_LSI
 .text.Lib_Read_Flash
                0x0000000000001d98       0x1c ./HAL/MCU.o
                0x0000000000001d98                Lib_Read_Flash
 .text.Lib_Write_Flash
                0x0000000000001db4       0x40 ./HAL/MCU.o
                0x0000000000001db4                Lib_Write_Flash
 .text.HAL_GetInterTempValue
                0x0000000000001df4       0x72 ./HAL/MCU.o
                0x0000000000001df4                HAL_GetInterTempValue
 .text.HAL_ProcessEvent
                0x0000000000001e66       0x7a ./HAL/MCU.o
                0x0000000000001e66                HAL_ProcessEvent
 .text.CH57X_BLEInit
                0x0000000000001ee0      0x132 ./HAL/MCU.o
                0x0000000000001ee0                CH57X_BLEInit
 .text.HAL_Init
                0x0000000000002012       0x36 ./HAL/MCU.o
                0x0000000000002012                HAL_Init
 .text.RTC_SetTignTime
                0x0000000000002048       0x20 ./HAL/RTC.o
                0x0000000000002048                RTC_SetTignTime
 .text.HAL_TimeInit
                0x0000000000002068       0x5e ./HAL/RTC.o
                0x0000000000002068                HAL_TimeInit
 .text.CH57X_LowPower
                0x00000000000020c6       0x96 ./HAL/SLEEP.o
                0x00000000000020c6                CH57X_LowPower
 .text.HAL_SleepInit
                0x000000000000215c       0x46 ./HAL/SLEEP.o
                0x000000000000215c                HAL_SleepInit
 .text.Broadcaster_StateNotificationCB
                0x00000000000021a2       0x4a ./APP/broadcaster.o
 .text.Broadcaster_ProcessEvent
                0x00000000000021ec       0x42 ./APP/broadcaster.o
                0x00000000000021ec                Broadcaster_ProcessEvent
 .text.Broadcaster_Init
                0x000000000000222e       0x8a ./APP/broadcaster.o
                0x000000000000222e                Broadcaster_Init
 .text.startup.main
                0x00000000000022b8       0x60 ./APP/broadcaster_main.o
                0x00000000000022b8                main
 .text.tmos_msg_enqueue
                0x0000000000002318       0x1e G:\╄    单片机\WCH\CH573\EVT\EXAM\BLE\LIB\libCH57xBLE.a(message.o)
                0x0000000000002318                tmos_msg_enqueue
 .text.tmos_msg_deallocate
                0x0000000000002336       0x2c G:\╄    单片机\WCH\CH573\EVT\EXAM\BLE\LIB\libCH57xBLE.a(message.o)
                0x0000000000002336                tmos_msg_deallocate
 .text.tmos_msg_allocate
                0x0000000000002362       0x3e G:\╄    单片机\WCH\CH573\EVT\EXAM\BLE\LIB\libCH57xBLE.a(message.o)
                0x0000000000002362                tmos_msg_allocate
 .text.tmos_msg_receive
                0x00000000000023a0       0x68 G:\╄    单片机\WCH\CH573\EVT\EXAM\BLE\LIB\libCH57xBLE.a(message.o)
                0x00000000000023a0                tmos_msg_receive
 .text.tmos_msg_send
                0x0000000000002408       0x56 G:\╄    单片机\WCH\CH573\EVT\EXAM\BLE\LIB\libCH57xBLE.a(message.o)
                0x0000000000002408                tmos_msg_send
 .text.tmos_msg_init
                0x000000000000245e        0x6 G:\╄    单片机\WCH\CH573\EVT\EXAM\BLE\LIB\libCH57xBLE.a(message.o)
                0x000000000000245e                tmos_msg_init
 .text.tmosFindTask
                0x0000000000002464       0x20 G:\╄    单片机\WCH\CH573\EVT\EXAM\BLE\LIB\libCH57xBLE.a(tmos.o)
 .text.TMOS_CbTimerProcessEvent
                0x0000000000002484       0x7c G:\╄    单片机\WCH\CH573\EVT\EXAM\BLE\LIB\libCH57xBLE.a(tmos.o)
                0x0000000000002484                TMOS_CbTimerProcessEvent
 .text.tmos_rand
                0x0000000000002500       0x54 G:\╄    单片机\WCH\CH573\EVT\EXAM\BLE\LIB\libCH57xBLE.a(tmos.o)
                0x0000000000002500                tmos_rand
 .text.tmos_query_sleep_time
                0x0000000000002554      0x178 G:\╄    单片机\WCH\CH573\EVT\EXAM\BLE\LIB\libCH57xBLE.a(tmos.o)
                0x0000000000002554                tmos_query_sleep_time
 .text.tmos_memset
                0x00000000000026cc       0x12 G:\╄    单片机\WCH\CH573\EVT\EXAM\BLE\LIB\libCH57xBLE.a(tmos.o)
                0x00000000000026cc                tmos_memset
 .text.tmos_strlen
                0x00000000000026de       0x14 G:\╄    单片机\WCH\CH573\EVT\EXAM\BLE\LIB\libCH57xBLE.a(tmos.o)
                0x00000000000026de                tmos_strlen
 .text.tmos_memdup
                0x00000000000026f2       0x3c G:\╄    单片机\WCH\CH573\EVT\EXAM\BLE\LIB\libCH57xBLE.a(tmos.o)
                0x00000000000026f2                tmos_memdup
 .text.tmos_memcmp
                0x000000000000272e       0x24 G:\╄    单片机\WCH\CH573\EVT\EXAM\BLE\LIB\libCH57xBLE.a(tmos.o)
                0x000000000000272e                tmos_memcmp
 .text.tmos_revmemcpy
                0x0000000000002752       0x1c G:\╄    单片机\WCH\CH573\EVT\EXAM\BLE\LIB\libCH57xBLE.a(tmos.o)
                0x0000000000002752                tmos_revmemcpy
 .text.tmos_isbufset
                0x000000000000276e       0x1e G:\╄    单片机\WCH\CH573\EVT\EXAM\BLE\LIB\libCH57xBLE.a(tmos.o)
                0x000000000000276e                tmos_isbufset
 .text.tmos_set_event
                0x000000000000278c       0x2a G:\╄    单片机\WCH\CH573\EVT\EXAM\BLE\LIB\libCH57xBLE.a(tmos.o)
                0x000000000000278c                tmos_set_event
 .text.tmos_query_system_time
                0x00000000000027b6       0xce G:\╄    单片机\WCH\CH573\EVT\EXAM\BLE\LIB\libCH57xBLE.a(tmos.o)
                0x00000000000027b6                tmos_query_system_time
 .text.tmos_clear_event
                0x0000000000002884       0x2e G:\╄    单片机\WCH\CH573\EVT\EXAM\BLE\LIB\libCH57xBLE.a(tmos.o)
                0x0000000000002884                tmos_clear_event
 .text.tmos_start_task
                0x00000000000028b2       0x8e G:\╄    单片机\WCH\CH573\EVT\EXAM\BLE\LIB\libCH57xBLE.a(tmos.o)
                0x00000000000028b2                tmos_start_task
 .text.tmos_start_callback_task
                0x0000000000002940       0xac G:\╄    单片机\WCH\CH573\EVT\EXAM\BLE\LIB\libCH57xBLE.a(tmos.o)
                0x0000000000002940                tmos_start_callback_task
 .text.tmos_start_reload_task
                0x00000000000029ec       0x2e G:\╄    单片机\WCH\CH573\EVT\EXAM\BLE\LIB\libCH57xBLE.a(tmos.o)
                0x00000000000029ec                tmos_start_reload_task
 .text.tmos_stop_task
                0x0000000000002a1a       0x40 G:\╄    单片机\WCH\CH573\EVT\EXAM\BLE\LIB\libCH57xBLE.a(tmos.o)
                0x0000000000002a1a                tmos_stop_task
 .text.tmos_stop_callback_task
                0x0000000000002a5a       0x5c G:\╄    单片机\WCH\CH573\EVT\EXAM\BLE\LIB\libCH57xBLE.a(tmos.o)
                0x0000000000002a5a                tmos_stop_callback_task
 .text.tmos_get_task_timer
                0x0000000000002ab6       0x16 G:\╄    单片机\WCH\CH573\EVT\EXAM\BLE\LIB\libCH57xBLE.a(tmos.o)
                0x0000000000002ab6                tmos_get_task_timer
 .text.tmos_update_callback_timer
                0x0000000000002acc       0x62 G:\╄    单片机\WCH\CH573\EVT\EXAM\BLE\LIB\libCH57xBLE.a(tmos.o)
                0x0000000000002acc                tmos_update_callback_timer
 .text.TMOS_Set32KTuneValue
                0x0000000000002b2e        0xa G:\╄    单片机\WCH\CH573\EVT\EXAM\BLE\LIB\libCH57xBLE.a(tmos.o)
                0x0000000000002b2e                TMOS_Set32KTuneValue
 .text.TMOS_TimerRegister
                0x0000000000002b38       0x1a G:\╄    单片机\WCH\CH573\EVT\EXAM\BLE\LIB\libCH57xBLE.a(tmos.o)
                0x0000000000002b38                TMOS_TimerRegister
 .text.TMOS_ProcessRegister
                0x0000000000002b52       0x16 G:\╄    单片机\WCH\CH573\EVT\EXAM\BLE\LIB\libCH57xBLE.a(tmos.o)
                0x0000000000002b52                TMOS_ProcessRegister
 .text.TMOS_Init
                0x0000000000002b68       0xbe G:\╄    单片机\WCH\CH573\EVT\EXAM\BLE\LIB\libCH57xBLE.a(tmos.o)
                0x0000000000002b68                TMOS_Init
 .text.TMOS_ProcessEventRegister
                0x0000000000002c26       0x38 G:\╄    单片机\WCH\CH573\EVT\EXAM\BLE\LIB\libCH57xBLE.a(tmos.o)
                0x0000000000002c26                TMOS_ProcessEventRegister
 .text.BLE_LibInit
                0x0000000000002c5e      0x1a6 G:\╄    单片机\WCH\CH573\EVT\EXAM\BLE\LIB\libCH57xBLE.a(tmos.o)
                0x0000000000002c5e                BLE_LibInit
 .text.ble_ll_common_rand8
                0x0000000000002e04       0x24 G:\╄    单片机\WCH\CH573\EVT\EXAM\BLE\LIB\libCH57xBLE.a(tmos_hw.o)
                0x0000000000002e04                ble_ll_common_rand8
 .text.ble_ll_common_rand16
                0x0000000000002e28       0x24 G:\╄    单片机\WCH\CH573\EVT\EXAM\BLE\LIB\libCH57xBLE.a(tmos_hw.o)
                0x0000000000002e28                ble_ll_common_rand16
 .text.ble_ll_common_rand32
                0x0000000000002e4c       0x20 G:\╄    单片机\WCH\CH573\EVT\EXAM\BLE\LIB\libCH57xBLE.a(tmos_hw.o)
                0x0000000000002e4c                ble_ll_common_rand32
 .text.ll_hw_temp_sample
                0x0000000000002e6c       0xc0 G:\╄    单片机\WCH\CH573\EVT\EXAM\BLE\LIB\libCH57xBLE.a(tmos_hw.o)
                0x0000000000002e6c                ll_hw_temp_sample
 .text.TMOS_TimerInit
                0x0000000000002f2c       0x5c G:\╄    单片机\WCH\CH573\EVT\EXAM\BLE\LIB\libCH57xBLE.a(tmos_hw.o)
                0x0000000000002f2c                TMOS_TimerInit
 .text.tmos_snv_init
                0x0000000000002f88       0xbc G:\╄    单片机\WCH\CH573\EVT\EXAM\BLE\LIB\libCH57xBLE.a(tmos_snv.o)
                0x0000000000002f88                tmos_snv_init
 .text.tmos_snv_clear
                0x0000000000003044       0xae G:\╄    单片机\WCH\CH573\EVT\EXAM\BLE\LIB\libCH57xBLE.a(tmos_snv.o)
                0x0000000000003044                tmos_snv_clear
 .text.tmos_snv_read
                0x00000000000030f2      0x292 G:\╄    单片机\WCH\CH573\EVT\EXAM\BLE\LIB\libCH57xBLE.a(tmos_snv.o)
                0x00000000000030f2                tmos_snv_read
 .text.tmos_snv_notify
                0x0000000000003384       0x5a G:\╄    单片机\WCH\CH573\EVT\EXAM\BLE\LIB\libCH57xBLE.a(tmos_snv.o)
                0x0000000000003384                tmos_snv_notify
 .text.tmos_snv_write
                0x00000000000033de      0x2ce G:\╄    单片机\WCH\CH573\EVT\EXAM\BLE\LIB\libCH57xBLE.a(tmos_snv.o)
                0x00000000000033de                tmos_snv_write
 .text.tmos_snv_compact
                0x00000000000036ac        0x4 G:\╄    单片机\WCH\CH573\EVT\EXAM\BLE\LIB\libCH57xBLE.a(tmos_snv.o)
                0x00000000000036ac                tmos_snv_compact
 .text.disconnectNext
                0x00000000000036b0       0x22 G:\╄    单片机\WCH\CH573\EVT\EXAM\BLE\LIB\libCH57xBLE.a(gap.o)
 .text.GAP_ParamInit
                0x00000000000036d2       0x80 G:\╄    单片机\WCH\CH573\EVT\EXAM\BLE\LIB\libCH57xBLE.a(gap.o)
                0x00000000000036d2                GAP_ParamInit
 .text.sendTerminateEvent
                0x0000000000003752       0x58 G:\╄    单片机\WCH\CH573\EVT\EXAM\BLE\LIB\libCH57xBLE.a(gap.o)
                0x0000000000003752                sendTerminateEvent
 .text.gapRegisterCentral
                0x00000000000037aa        0x6 G:\╄    单片机\WCH\CH573\EVT\EXAM\BLE\LIB\libCH57xBLE.a(gap.o)
                0x00000000000037aa                gapRegisterCentral
 .text.gapRegisterCentralConn
                0x00000000000037b0        0x6 G:\╄    单片机\WCH\CH573\EVT\EXAM\BLE\LIB\libCH57xBLE.a(gap.o)
                0x00000000000037b0                gapRegisterCentralConn
 .text.gapRegisterPeripheral
                0x00000000000037b6        0x6 G:\╄    单片机\WCH\CH573\EVT\EXAM\BLE\LIB\libCH57xBLE.a(gap.o)
                0x00000000000037b6                gapRegisterPeripheral
 .text.gapRegisterPeripheralConn
                0x00000000000037bc        0x6 G:\╄    单片机\WCH\CH573\EVT\EXAM\BLE\LIB\libCH57xBLE.a(gap.o)
                0x00000000000037bc                gapRegisterPeripheralConn
 .text.smGenerateRandBuf
                0x00000000000037c2       0x56 G:\╄    单片机\WCH\CH573\EVT\EXAM\BLE\LIB\libCH57xBLE.a(gap.o)
                0x00000000000037c2                smGenerateRandBuf
 .text.gapL2capConnParamUpdateReq
                0x0000000000003818       0x32 G:\╄    单片机\WCH\CH573\EVT\EXAM\BLE\LIB\libCH57xBLE.a(gap.o)
                0x0000000000003818                gapL2capConnParamUpdateReq
 .text.gapValidADType
                0x000000000000384a       0x16 G:\╄    单片机\WCH\CH573\EVT\EXAM\BLE\LIB\libCH57xBLE.a(gap.o)
                0x000000000000384a                gapValidADType
 .text.gapFindADType
                0x0000000000003860       0x8e G:\╄    单片机\WCH\CH573\EVT\EXAM\BLE\LIB\libCH57xBLE.a(gap.o)
                0x0000000000003860                gapFindADType
 .text.GAP_SecParamsInit
                0x00000000000038ee       0x9a G:\╄    单片机\WCH\CH573\EVT\EXAM\BLE\LIB\libCH57xBLE.a(gap.o)
                0x00000000000038ee                GAP_SecParamsInit
 .text.GAP_ParamsInit
                0x0000000000003988       0x48 G:\╄    单片机\WCH\CH573\EVT\EXAM\BLE\LIB\libCH57xBLE.a(gap.o)
                0x0000000000003988                GAP_ParamsInit
 .text.gapAddAddrAdj
                0x00000000000039d0       0x48 G:\╄    单片机\WCH\CH573\EVT\EXAM\BLE\LIB\libCH57xBLE.a(gap.o)
                0x00000000000039d0                gapAddAddrAdj
 .text.gapDetermineAddrType
                0x0000000000003a18       0x28 G:\╄    单片机\WCH\CH573\EVT\EXAM\BLE\LIB\libCH57xBLE.a(gap.o)
                0x0000000000003a18                gapDetermineAddrType
 .text.gapFreeAuthLink
                0x0000000000003a40       0x4a G:\╄    单片机\WCH\CH573\EVT\EXAM\BLE\LIB\libCH57xBLE.a(gap.o)
                0x0000000000003a40                gapFreeAuthLink
 .text.gapGetDevAddress
                0x0000000000003a8a       0x24 G:\╄    单片机\WCH\CH573\EVT\EXAM\BLE\LIB\libCH57xBLE.a(gap.o)
                0x0000000000003a8a                gapGetDevAddress
 .text.gapGetDevAddressMode
                0x0000000000003aae        0xa G:\╄    单片机\WCH\CH573\EVT\EXAM\BLE\LIB\libCH57xBLE.a(gap.o)
                0x0000000000003aae                gapGetDevAddressMode
 .text.gapGetIRK
                0x0000000000003ab8        0xc G:\╄    单片机\WCH\CH573\EVT\EXAM\BLE\LIB\libCH57xBLE.a(gap.o)
                0x0000000000003ab8                gapGetIRK
 .text.gapGetSRK
                0x0000000000003ac4        0xc G:\╄    单片机\WCH\CH573\EVT\EXAM\BLE\LIB\libCH57xBLE.a(gap.o)
                0x0000000000003ac4                gapGetSRK
 .text.gapGetSignCounter
                0x0000000000003ad0        0xe G:\╄    单片机\WCH\CH573\EVT\EXAM\BLE\LIB\libCH57xBLE.a(gap.o)
                0x0000000000003ad0                gapGetSignCounter
 .text.gapIncSignCounter
                0x0000000000003ade       0x28 G:\╄    单片机\WCH\CH573\EVT\EXAM\BLE\LIB\libCH57xBLE.a(gap.o)
                0x0000000000003ade                gapIncSignCounter
 .text.gapProcessConnEvt
                0x0000000000003b06       0x48 G:\╄    单片机\WCH\CH573\EVT\EXAM\BLE\LIB\libCH57xBLE.a(gap.o)
                0x0000000000003b06                gapProcessConnEvt
 .text.gapProcessDisconnectCompleteEvt
                0x0000000000003b4e       0xa4 G:\╄    单片机\WCH\CH573\EVT\EXAM\BLE\LIB\libCH57xBLE.a(gap.o)
                0x0000000000003b4e                gapProcessDisconnectCompleteEvt
 .text.sendAuthEvent
                0x0000000000003bf2      0x11a G:\╄    单片机\WCH\CH573\EVT\EXAM\BLE\LIB\libCH57xBLE.a(gap.o)
                0x0000000000003bf2                sendAuthEvent
 .text.gapSendBondCompleteEvent
                0x0000000000003d0c       0x70 G:\╄    单片机\WCH\CH573\EVT\EXAM\BLE\LIB\libCH57xBLE.a(gap.o)
                0x0000000000003d0c                gapSendBondCompleteEvent
 .text.gapSendPairingReqEvent
                0x0000000000003d7c       0x92 G:\╄    单片机\WCH\CH573\EVT\EXAM\BLE\LIB\libCH57xBLE.a(gap.o)
                0x0000000000003d7c                gapSendPairingReqEvent
 .text.gapSendSlaveSecurityReqEvent
                0x0000000000003e0e       0x68 G:\╄    单片机\WCH\CH573\EVT\EXAM\BLE\LIB\libCH57xBLE.a(gap.o)
                0x0000000000003e0e                gapSendSlaveSecurityReqEvent
 .text.gapSendDeviceInitDoneEvent
                0x0000000000003e76       0x88 G:\╄    单片机\WCH\CH573\EVT\EXAM\BLE\LIB\libCH57xBLE.a(gap.o)
                0x0000000000003e76                gapSendDeviceInitDoneEvent
 .text.gapSendLinkUpdateEvent
                0x0000000000003efe       0x84 G:\╄    单片机\WCH\CH573\EVT\EXAM\BLE\LIB\libCH57xBLE.a(gap.o)
                0x0000000000003efe                gapSendLinkUpdateEvent
 .text.gapSendEstLinkEvent
                0x0000000000003f82       0xb8 G:\╄    单片机\WCH\CH573\EVT\EXAM\BLE\LIB\libCH57xBLE.a(gap.o)
                0x0000000000003f82                gapSendEstLinkEvent
 .text.gapProcessNewAddr
                0x000000000000403a       0x3e G:\╄    单片机\WCH\CH573\EVT\EXAM\BLE\LIB\libCH57xBLE.a(gap.o)
                0x000000000000403a                gapProcessNewAddr
 .text.gapProcessRandomAddrComplete
                0x0000000000004078       0xb6 G:\╄    单片机\WCH\CH573\EVT\EXAM\BLE\LIB\libCH57xBLE.a(gap.o)
                0x0000000000004078                gapProcessRandomAddrComplete
 .text.GAP_Authenticate
                0x000000000000412e       0xd2 G:\╄    单片机\WCH\CH573\EVT\EXAM\BLE\LIB\libCH57xBLE.a(gap.o)
                0x000000000000412e                GAP_Authenticate
 .text.GAP_Bond
                0x0000000000004200       0xa2 G:\╄    单片机\WCH\CH573\EVT\EXAM\BLE\LIB\libCH57xBLE.a(gap.o)
                0x0000000000004200                GAP_Bond
 .text.GAP_GetParamValue
                0x00000000000042a2       0x1e G:\╄    单片机\WCH\CH573\EVT\EXAM\BLE\LIB\libCH57xBLE.a(gap.o)
                0x00000000000042a2                GAP_GetParamValue
 .text.GAP_PasscodeUpdate
                0x00000000000042c0       0x50 G:\╄    单片机\WCH\CH573\EVT\EXAM\BLE\LIB\libCH57xBLE.a(gap.o)
                0x00000000000042c0                GAP_PasscodeUpdate
 .text.GAP_RegisterForMsgs
                0x0000000000004310        0x6 G:\╄    单片机\WCH\CH573\EVT\EXAM\BLE\LIB\libCH57xBLE.a(gap.o)
                0x0000000000004310                GAP_RegisterForMsgs
 .text.GAP_ResolvePrivateAddr
                0x0000000000004316        0x4 G:\╄    单片机\WCH\CH573\EVT\EXAM\BLE\LIB\libCH57xBLE.a(gap.o)
                0x0000000000004316                GAP_ResolvePrivateAddr
 .text.gapPairingCompleteCB
                0x000000000000431a      0x188 G:\╄    单片机\WCH\CH573\EVT\EXAM\BLE\LIB\libCH57xBLE.a(gap.o)
                0x000000000000431a                gapPairingCompleteCB
 .text.gapPasskeyNeededCB
                0x00000000000044a2       0x8e G:\╄    单片机\WCH\CH573\EVT\EXAM\BLE\LIB\libCH57xBLE.a(gap.o)
                0x00000000000044a2                gapPasskeyNeededCB
 .text.gapFreeEstLink
                0x0000000000004530       0x20 G:\╄    单片机\WCH\CH573\EVT\EXAM\BLE\LIB\libCH57xBLE.a(gap.o)
                0x0000000000004530                gapFreeEstLink
 .text.gapUpdateConnSignCounter
                0x0000000000004550       0x7a G:\╄    单片机\WCH\CH573\EVT\EXAM\BLE\LIB\libCH57xBLE.a(gap.o)
                0x0000000000004550                gapUpdateConnSignCounter
 .text.GAP_TerminateAuth
                0x00000000000045ca       0x2a G:\╄    单片机\WCH\CH573\EVT\EXAM\BLE\LIB\libCH57xBLE.a(gap.o)
                0x00000000000045ca                GAP_TerminateAuth
 .text.GAP_NumActiveConnections
                0x00000000000045f4        0x4 G:\╄    单片机\WCH\CH573\EVT\EXAM\BLE\LIB\libCH57xBLE.a(gap.o)
                0x00000000000045f4                GAP_NumActiveConnections
 .text.GAP_TerminateLinkReq
                0x00000000000045f8       0x8e G:\╄    单片机\WCH\CH573\EVT\EXAM\BLE\LIB\libCH57xBLE.a(gap.o)
                0x00000000000045f8                GAP_TerminateLinkReq
 .text.GAP_SetParamValue
                0x0000000000004686       0x4a G:\╄    单片机\WCH\CH573\EVT\EXAM\BLE\LIB\libCH57xBLE.a(gap.o)
                0x0000000000004686                GAP_SetParamValue
 .text.GAP_Init
                0x00000000000046d0       0x44 G:\╄    单片机\WCH\CH573\EVT\EXAM\BLE\LIB\libCH57xBLE.a(gap.o)
                0x00000000000046d0                GAP_Init
 .text.GAP_ProcessEvent
                0x0000000000004714      0x578 G:\╄    单片机\WCH\CH573\EVT\EXAM\BLE\LIB\libCH57xBLE.a(gap.o)
                0x0000000000004714                GAP_ProcessEvent
 .text.gapSendScanEnable
                0x0000000000004c8c       0x1e G:\╄    单片机\WCH\CH573\EVT\EXAM\BLE\LIB\libCH57xBLE.a(gap_central.o)
 .text.gapCentProcessConnEvt
                0x0000000000004caa      0x148 G:\╄    单片机\WCH\CH573\EVT\EXAM\BLE\LIB\libCH57xBLE.a(gap_central.o)
                0x0000000000004caa                gapCentProcessConnEvt
 .text.gapCancelLinkReq
                0x0000000000004df2       0x38 G:\╄    单片机\WCH\CH573\EVT\EXAM\BLE\LIB\libCH57xBLE.a(gap_central.o)
                0x0000000000004df2                gapCancelLinkReq
 .text.GAP_CentralParamInit
                0x0000000000004e2a       0x4c G:\╄    单片机\WCH\CH573\EVT\EXAM\BLE\LIB\libCH57xBLE.a(gap_central.o)
                0x0000000000004e2a                GAP_CentralParamInit
 .text.gapProcessAdvertDevInfo
                0x0000000000004e76      0x23a G:\╄    单片机\WCH\CH573\EVT\EXAM\BLE\LIB\libCH57xBLE.a(gap_central.o)
                0x0000000000004e76                gapProcessAdvertDevInfo
 .text.gapFreeScanRecs
                0x00000000000050b0       0xa2 G:\╄    单片机\WCH\CH573\EVT\EXAM\BLE\LIB\libCH57xBLE.a(gap_central.o)
                0x00000000000050b0                gapFreeScanRecs
 .text.gapSendDevDiscEvent
                0x0000000000005152      0x124 G:\╄    单片机\WCH\CH573\EVT\EXAM\BLE\LIB\libCH57xBLE.a(gap_central.o)
                0x0000000000005152                gapSendDevDiscEvent
 .text.gapSetScanParamStatus.part.2
                0x0000000000005276       0x40 G:\╄    单片机\WCH\CH573\EVT\EXAM\BLE\LIB\libCH57xBLE.a(gap_central.o)
 .text.gapCentProcessHCICmdEvt
                0x00000000000052b6       0x3c G:\╄    单片机\WCH\CH573\EVT\EXAM\BLE\LIB\libCH57xBLE.a(gap_central.o)
                0x00000000000052b6                gapCentProcessHCICmdEvt
 .text.gapProcessScanningEvt
                0x00000000000052f2      0x10e G:\╄    单片机\WCH\CH573\EVT\EXAM\BLE\LIB\libCH57xBLE.a(gap_central.o)
                0x00000000000052f2                gapProcessScanningEvt
 .text.gapProcessScanningDirectEvt
                0x0000000000005400       0xfe G:\╄    单片机\WCH\CH573\EVT\EXAM\BLE\LIB\libCH57xBLE.a(gap_central.o)
                0x0000000000005400                gapProcessScanningDirectEvt
 .text.GAP_CentConnRegister
                0x00000000000054fe       0x12 G:\╄    单片机\WCH\CH573\EVT\EXAM\BLE\LIB\libCH57xBLE.a(gap_central.o)
                0x00000000000054fe                GAP_CentConnRegister
 .text.GAP_CentDevMgrInit
                0x0000000000005510       0x94 G:\╄    单片机\WCH\CH573\EVT\EXAM\BLE\LIB\libCH57xBLE.a(gap_central.o)
                0x0000000000005510                GAP_CentDevMgrInit
 .text.gapFreeAdvertState
                0x00000000000055a4       0x20 G:\╄    单片机\WCH\CH573\EVT\EXAM\BLE\LIB\libCH57xBLE.a(gap_peripheral.o)
 .text.gapPeriProcessConnEvt
                0x00000000000055c4       0xbc G:\╄    单片机\WCH\CH573\EVT\EXAM\BLE\LIB\libCH57xBLE.a(gap_peripheral.o)
 .text.gapSetAdvParams
                0x0000000000005680       0x7e G:\╄    单片机\WCH\CH573\EVT\EXAM\BLE\LIB\libCH57xBLE.a(gap_peripheral.o)
 .text.GAP_PeripheralParamInit
                0x00000000000056fe       0x4a G:\╄    单片机\WCH\CH573\EVT\EXAM\BLE\LIB\libCH57xBLE.a(gap_peripheral.o)
                0x00000000000056fe                GAP_PeripheralParamInit
 .text.gapSendMakeDiscEvent
                0x0000000000005748       0x4e G:\╄    单片机\WCH\CH573\EVT\EXAM\BLE\LIB\libCH57xBLE.a(gap_peripheral.o)
                0x0000000000005748                gapSendMakeDiscEvent
 .text.gapPeriProcessHCICmdCompleteEvt
                0x0000000000005796      0x18e G:\╄    单片机\WCH\CH573\EVT\EXAM\BLE\LIB\libCH57xBLE.a(gap_peripheral.o)
 .text.GAP_MakeDiscoverable
                0x0000000000005924       0xf0 G:\╄    单片机\WCH\CH573\EVT\EXAM\BLE\LIB\libCH57xBLE.a(gap_peripheral.o)
                0x0000000000005924                GAP_MakeDiscoverable
 .text.GAP_EndDiscoverable
                0x0000000000005a14       0x5c G:\╄    单片机\WCH\CH573\EVT\EXAM\BLE\LIB\libCH57xBLE.a(gap_peripheral.o)
                0x0000000000005a14                GAP_EndDiscoverable
 .text.gapProcessAdvertisingEvt
                0x0000000000005a70       0x8e G:\╄    单片机\WCH\CH573\EVT\EXAM\BLE\LIB\libCH57xBLE.a(gap_peripheral.o)
 .text.GAP_UpdateAdvertisingData
                0x0000000000005afe       0xb8 G:\╄    单片机\WCH\CH573\EVT\EXAM\BLE\LIB\libCH57xBLE.a(gap_peripheral.o)
                0x0000000000005afe                GAP_UpdateAdvertisingData
 .text.GAP_PeriConnRegister
                0x0000000000005bb6       0x2a G:\╄    单片机\WCH\CH573\EVT\EXAM\BLE\LIB\libCH57xBLE.a(gap_peripheral.o)
                0x0000000000005bb6                GAP_PeriConnRegister
 .text.GAP_PeriDevMgrInit
                0x0000000000005be0       0xbc G:\╄    单片机\WCH\CH573\EVT\EXAM\BLE\LIB\libCH57xBLE.a(gap_peripheral.o)
                0x0000000000005be0                GAP_PeriDevMgrInit
 .text.gattProcessExchangeMTUReq
                0x0000000000005c9c        0x4 G:\╄    单片机\WCH\CH573\EVT\EXAM\BLE\LIB\libCH57xBLE.a(gattservapp.o)
 .text.gattServApp_FindCharCfgItem
                0x0000000000005ca0       0x20 G:\╄    单片机\WCH\CH573\EVT\EXAM\BLE\LIB\libCH57xBLE.a(gattservapp.o)
 .text.gattServerHandleTimerCB
                0x0000000000005cc0       0x3c G:\╄    单片机\WCH\CH573\EVT\EXAM\BLE\LIB\libCH57xBLE.a(gattservapp.o)
 .text.GATTServApp_InitCharCfg.part.12
                0x0000000000005cfc       0x1c G:\╄    单片机\WCH\CH573\EVT\EXAM\BLE\LIB\libCH57xBLE.a(gattservapp.o)
 .text.gattProcessExecuteWriteReq
                0x0000000000005d18        0x4 G:\╄    单片机\WCH\CH573\EVT\EXAM\BLE\LIB\libCH57xBLE.a(gattservapp.o)
 .text.GATTServApp_ParamInit
                0x0000000000005d1c       0xd4 G:\╄    单片机\WCH\CH573\EVT\EXAM\BLE\LIB\libCH57xBLE.a(gattservapp.o)
                0x0000000000005d1c                GATTServApp_ParamInit
 .text.GATTServApp_ReadCharCfg
                0x0000000000005df0       0x16 G:\╄    单片机\WCH\CH573\EVT\EXAM\BLE\LIB\libCH57xBLE.a(gattservapp.o)
                0x0000000000005df0                GATTServApp_ReadCharCfg
 .text.GATTServApp_WriteCharCfg
                0x0000000000005e06       0x38 G:\╄    单片机\WCH\CH573\EVT\EXAM\BLE\LIB\libCH57xBLE.a(gattservapp.o)
                0x0000000000005e06                GATTServApp_WriteCharCfg
 .text.GATTServApp_ProcessCCCWriteReq
                0x0000000000005e3e       0x5c G:\╄    单片机\WCH\CH573\EVT\EXAM\BLE\LIB\libCH57xBLE.a(gattservapp.o)
                0x0000000000005e3e                GATTServApp_ProcessCCCWriteReq
 .text.gattServApp_WriteAttrCB
                0x0000000000005e9a       0x32 G:\╄    单片机\WCH\CH573\EVT\EXAM\BLE\LIB\libCH57xBLE.a(gattservapp.o)
                0x0000000000005e9a                gattServApp_WriteAttrCB
 .text.GATTServApp_SendCCCUpdatedEvent
                0x0000000000005ecc       0x5e G:\╄    单片机\WCH\CH573\EVT\EXAM\BLE\LIB\libCH57xBLE.a(gattservapp.o)
                0x0000000000005ecc                GATTServApp_SendCCCUpdatedEvent
 .text.GATTServApp_SendServiceChangedInd
                0x0000000000005f2a       0x34 G:\╄    单片机\WCH\CH573\EVT\EXAM\BLE\LIB\libCH57xBLE.a(gattservapp.o)
                0x0000000000005f2a                GATTServApp_SendServiceChangedInd
 .text.gattServApp_ClearPrepareWriteQ
                0x0000000000005f5e       0x4c G:\╄    单片机\WCH\CH573\EVT\EXAM\BLE\LIB\libCH57xBLE.a(gattservapp.o)
                0x0000000000005f5e                gattServApp_ClearPrepareWriteQ
 .text.gattServApp_FindPrepareWriteQ
                0x0000000000005faa       0x2c G:\╄    单片机\WCH\CH573\EVT\EXAM\BLE\LIB\libCH57xBLE.a(gattservapp.o)
                0x0000000000005faa                gattServApp_FindPrepareWriteQ
 .text.gattServApp_FindServiceCBs
                0x0000000000005fd6       0x18 G:\╄    单片机\WCH\CH573\EVT\EXAM\BLE\LIB\libCH57xBLE.a(gattservapp.o)
                0x0000000000005fd6                gattServApp_FindServiceCBs
 .text.gattServApp_FindAuthorizeAttrCB
                0x0000000000005fee       0x14 G:\╄    单片机\WCH\CH573\EVT\EXAM\BLE\LIB\libCH57xBLE.a(gattservapp.o)
                0x0000000000005fee                gattServApp_FindAuthorizeAttrCB
 .text.gattServApp_IsWriteLong
                0x0000000000006002       0xe6 G:\╄    单片机\WCH\CH573\EVT\EXAM\BLE\LIB\libCH57xBLE.a(gattservapp.o)
                0x0000000000006002                gattServApp_IsWriteLong
 .text.gattFindService
                0x00000000000060e8       0x1c G:\╄    单片机\WCH\CH573\EVT\EXAM\BLE\LIB\libCH57xBLE.a(gattservapp.o)
                0x00000000000060e8                gattFindService
 .text.GATT_ServiceNumAttrs
                0x0000000000006104       0x16 G:\╄    单片机\WCH\CH573\EVT\EXAM\BLE\LIB\libCH57xBLE.a(gattservapp.o)
                0x0000000000006104                GATT_ServiceNumAttrs
 .text.GATT_ServiceEncKeySize
                0x000000000000611a       0x16 G:\╄    单片机\WCH\CH573\EVT\EXAM\BLE\LIB\libCH57xBLE.a(gattservapp.o)
                0x000000000000611a                GATT_ServiceEncKeySize
 .text.GATT_VerifyWritePermissions.part.7
                0x0000000000006130       0x2c G:\╄    单片机\WCH\CH573\EVT\EXAM\BLE\LIB\libCH57xBLE.a(gattservapp.o)
 .text.gattResetServerInfo
                0x000000000000615c       0x1c G:\╄    单片机\WCH\CH573\EVT\EXAM\BLE\LIB\libCH57xBLE.a(gattservapp.o)
                0x000000000000615c                gattResetServerInfo
 .text.gattFindServerInfo
                0x0000000000006178       0x26 G:\╄    单片机\WCH\CH573\EVT\EXAM\BLE\LIB\libCH57xBLE.a(gattservapp.o)
                0x0000000000006178                gattFindServerInfo
 .text.gattServerHandleConnStatusCB
                0x000000000000619e       0x8e G:\╄    单片机\WCH\CH573\EVT\EXAM\BLE\LIB\libCH57xBLE.a(gattservapp.o)
                0x000000000000619e                gattServerHandleConnStatusCB
 .text.gattServerProcessMsgCB
                0x000000000000622c      0x1ba G:\╄    单片机\WCH\CH573\EVT\EXAM\BLE\LIB\libCH57xBLE.a(gattservapp.o)
                0x000000000000622c                gattServerProcessMsgCB
 .text.gattServerNotifyTxCB
                0x00000000000063e6       0x28 G:\╄    单片机\WCH\CH573\EVT\EXAM\BLE\LIB\libCH57xBLE.a(gattservapp.o)
 .text.GATT_FindHandle
                0x000000000000640e       0x4a G:\╄    单片机\WCH\CH573\EVT\EXAM\BLE\LIB\libCH57xBLE.a(gattservapp.o)
                0x000000000000640e                GATT_FindHandle
 .text.GATTServApp_WriteAttr
                0x0000000000006458       0xa6 G:\╄    单片机\WCH\CH573\EVT\EXAM\BLE\LIB\libCH57xBLE.a(gattservapp.o)
                0x0000000000006458                GATTServApp_WriteAttr
 .text.gattServApp_ProcessExecuteWriteReq
                0x00000000000064fe       0xfc G:\╄    单片机\WCH\CH573\EVT\EXAM\BLE\LIB\libCH57xBLE.a(gattservapp.o)
                0x00000000000064fe                gattServApp_ProcessExecuteWriteReq
 .text.gattServApp_ProcessPrepareWriteReq
                0x00000000000065fa      0x10e G:\╄    单片机\WCH\CH573\EVT\EXAM\BLE\LIB\libCH57xBLE.a(gattservapp.o)
                0x00000000000065fa                gattServApp_ProcessPrepareWriteReq
 .text.gattServApp_ProcessWriteReq
                0x0000000000006708       0xb0 G:\╄    单片机\WCH\CH573\EVT\EXAM\BLE\LIB\libCH57xBLE.a(gattservapp.o)
                0x0000000000006708                gattServApp_ProcessWriteReq
 .text.GATT_Indication
                0x00000000000067b8       0xa4 G:\╄    单片机\WCH\CH573\EVT\EXAM\BLE\LIB\libCH57xBLE.a(gattservapp.o)
                0x00000000000067b8                GATT_Indication
 .text.GATT_FindHandleUUID
                0x000000000000685c       0x94 G:\╄    单片机\WCH\CH573\EVT\EXAM\BLE\LIB\libCH57xBLE.a(gattservapp.o)
                0x000000000000685c                GATT_FindHandleUUID
 .text.gattProcessReadByGrpTypeReq
                0x00000000000068f0       0x5e G:\╄    单片机\WCH\CH573\EVT\EXAM\BLE\LIB\libCH57xBLE.a(gattservapp.o)
 .text.gattProcessReadByTypeReq
                0x000000000000694e       0x32 G:\╄    单片机\WCH\CH573\EVT\EXAM\BLE\LIB\libCH57xBLE.a(gattservapp.o)
 .text.gattProcessFindByTypeValueReq
                0x0000000000006980       0x32 G:\╄    单片机\WCH\CH573\EVT\EXAM\BLE\LIB\libCH57xBLE.a(gattservapp.o)
 .text.gattProcessFindInfoReq
                0x00000000000069b2      0x1aa G:\╄    单片机\WCH\CH573\EVT\EXAM\BLE\LIB\libCH57xBLE.a(gattservapp.o)
 .text.GATT_VerifyWritePermissions
                0x0000000000006b5c       0x6a G:\╄    单片机\WCH\CH573\EVT\EXAM\BLE\LIB\libCH57xBLE.a(gattservapp.o)
                0x0000000000006b5c                GATT_VerifyWritePermissions
 .text.gattProcessWriteReq
                0x0000000000006bc6       0x34 G:\╄    单片机\WCH\CH573\EVT\EXAM\BLE\LIB\libCH57xBLE.a(gattservapp.o)
 .text.GATT_VerifyPrepareWritePermissions
                0x0000000000006bfa       0x56 G:\╄    单片机\WCH\CH573\EVT\EXAM\BLE\LIB\libCH57xBLE.a(gattservapp.o)
                0x0000000000006bfa                GATT_VerifyPrepareWritePermissions
 .text.gattProcessPrepareWriteReq
                0x0000000000006c50       0x34 G:\╄    单片机\WCH\CH573\EVT\EXAM\BLE\LIB\libCH57xBLE.a(gattservapp.o)
 .text.GATT_FindNextAttr
                0x0000000000006c84       0xc2 G:\╄    单片机\WCH\CH573\EVT\EXAM\BLE\LIB\libCH57xBLE.a(gattservapp.o)
                0x0000000000006c84                GATT_FindNextAttr
 .text.GATTServApp_ReadAttr
                0x0000000000006d46      0x2e2 G:\╄    单片机\WCH\CH573\EVT\EXAM\BLE\LIB\libCH57xBLE.a(gattservapp.o)
                0x0000000000006d46                GATTServApp_ReadAttr
 .text.gattServApp_ProcessReadMultiReq
                0x0000000000007028      0x16e G:\╄    单片机\WCH\CH573\EVT\EXAM\BLE\LIB\libCH57xBLE.a(gattservapp.o)
                0x0000000000007028                gattServApp_ProcessReadMultiReq
 .text.gattServApp_ProcessFindByTypeValueReq
                0x0000000000007196      0x19c G:\╄    单片机\WCH\CH573\EVT\EXAM\BLE\LIB\libCH57xBLE.a(gattservapp.o)
                0x0000000000007196                gattServApp_ProcessFindByTypeValueReq
 .text.GATT_VerifyReadPermissions
                0x0000000000007332       0x68 G:\╄    单片机\WCH\CH573\EVT\EXAM\BLE\LIB\libCH57xBLE.a(gattservapp.o)
                0x0000000000007332                GATT_VerifyReadPermissions
 .text.gattProcessReadMultiReq
                0x000000000000739a       0xae G:\╄    单片机\WCH\CH573\EVT\EXAM\BLE\LIB\libCH57xBLE.a(gattservapp.o)
 .text.gattProcessReadReq
                0x0000000000007448       0x30 G:\╄    单片机\WCH\CH573\EVT\EXAM\BLE\LIB\libCH57xBLE.a(gattservapp.o)
 .text.gattServApp_ProcessReadByGrpTypeReq
                0x0000000000007478      0x21c G:\╄    单片机\WCH\CH573\EVT\EXAM\BLE\LIB\libCH57xBLE.a(gattservapp.o)
                0x0000000000007478                gattServApp_ProcessReadByGrpTypeReq
 .text.gattServApp_ProcessReadByTypeReq
                0x0000000000007694      0x1ae G:\╄    单片机\WCH\CH573\EVT\EXAM\BLE\LIB\libCH57xBLE.a(gattservapp.o)
                0x0000000000007694                gattServApp_ProcessReadByTypeReq
 .text.GATTServApp_InitCharCfg
                0x0000000000007842       0x28 G:\╄    单片机\WCH\CH573\EVT\EXAM\BLE\LIB\libCH57xBLE.a(gattservapp.o)
                0x0000000000007842                GATTServApp_InitCharCfg
 .text.gattServApp_HandleConnStatusCB
                0x000000000000786a       0x74 G:\╄    单片机\WCH\CH573\EVT\EXAM\BLE\LIB\libCH57xBLE.a(gattservapp.o)
                0x000000000000786a                gattServApp_HandleConnStatusCB
 .text.GATT_InitServer
                0x00000000000078de       0xf2 G:\╄    单片机\WCH\CH573\EVT\EXAM\BLE\LIB\libCH57xBLE.a(gattservapp.o)
                0x00000000000078de                GATT_InitServer
 .text.GATTServApp_Init
                0x00000000000079d0       0x34 G:\╄    单片机\WCH\CH573\EVT\EXAM\BLE\LIB\libCH57xBLE.a(gattservapp.o)
                0x00000000000079d0                GATTServApp_Init
 .text.GATTServApp_ProcessEvent
                0x0000000000007a04      0x366 G:\╄    单片机\WCH\CH573\EVT\EXAM\BLE\LIB\libCH57xBLE.a(gattservapp.o)
                0x0000000000007a04                GATTServApp_ProcessEvent
 .text.l2capAllocConnChannel
                0x0000000000007d6a       0xd8 G:\╄    单片机\WCH\CH573\EVT\EXAM\BLE\LIB\libCH57xBLE.a(l2cap.o)
                0x0000000000007d6a                l2capAllocConnChannel
 .text.l2capFindLocalCID
                0x0000000000007e42       0x2c G:\╄    单片机\WCH\CH573\EVT\EXAM\BLE\LIB\libCH57xBLE.a(l2cap.o)
                0x0000000000007e42                l2capFindLocalCID
 .text.l2capFindLocalId
                0x0000000000007e6e       0x30 G:\╄    单片机\WCH\CH573\EVT\EXAM\BLE\LIB\libCH57xBLE.a(l2cap.o)
                0x0000000000007e6e                l2capFindLocalId
 .text.l2capFindPsm
                0x0000000000007e9e       0x2c G:\╄    单片机\WCH\CH573\EVT\EXAM\BLE\LIB\libCH57xBLE.a(l2cap.o)
                0x0000000000007e9e                l2capFindPsm
 .text.l2capFindRemoteCID
                0x0000000000007eca       0x3c G:\╄    单片机\WCH\CH573\EVT\EXAM\BLE\LIB\libCH57xBLE.a(l2cap.o)
                0x0000000000007eca                l2capFindRemoteCID
 .text.l2capFreeChannel
                0x0000000000007f06       0x4a G:\╄    单片机\WCH\CH573\EVT\EXAM\BLE\LIB\libCH57xBLE.a(l2cap.o)
                0x0000000000007f06                l2capFreeChannel
 .text.l2capDisconnectChannel
                0x0000000000007f50       0x28 G:\╄    单片机\WCH\CH573\EVT\EXAM\BLE\LIB\libCH57xBLE.a(l2cap.o)
                0x0000000000007f50                l2capDisconnectChannel
 .text.l2capHandleTimerCB
                0x0000000000007f78       0x2c G:\╄    单片机\WCH\CH573\EVT\EXAM\BLE\LIB\libCH57xBLE.a(l2cap.o)
                0x0000000000007f78                l2capHandleTimerCB
 .text.l2capFreePendingPkt
                0x0000000000007fa4       0x58 G:\╄    单片机\WCH\CH573\EVT\EXAM\BLE\LIB\libCH57xBLE.a(l2cap.o)
                0x0000000000007fa4                l2capFreePendingPkt
 .text.l2capGetCoChannelInfo
                0x0000000000007ffc       0x7e G:\╄    单片机\WCH\CH573\EVT\EXAM\BLE\LIB\libCH57xBLE.a(l2cap.o)
                0x0000000000007ffc                l2capGetCoChannelInfo
 .text.l2capNumActiveChannnels
                0x000000000000807a       0x44 G:\╄    单片机\WCH\CH573\EVT\EXAM\BLE\LIB\libCH57xBLE.a(l2cap.o)
                0x000000000000807a                l2capNumActiveChannnels
 .text.l2capStartTimer
                0x00000000000080be       0x1a G:\╄    单片机\WCH\CH573\EVT\EXAM\BLE\LIB\libCH57xBLE.a(l2cap.o)
                0x00000000000080be                l2capStartTimer
 .text.l2capStopTimer
                0x00000000000080d8       0x1e G:\╄    单片机\WCH\CH573\EVT\EXAM\BLE\LIB\libCH57xBLE.a(l2cap.o)
                0x00000000000080d8                l2capStopTimer
 .text.l2capDisconnectAllChannels
                0x00000000000080f6       0xdc G:\╄    单片机\WCH\CH573\EVT\EXAM\BLE\LIB\libCH57xBLE.a(l2cap.o)
                0x00000000000080f6                l2capDisconnectAllChannels
 .text.l2capHandleConnStatusCB
                0x00000000000081d2       0x3c G:\╄    单片机\WCH\CH573\EVT\EXAM\BLE\LIB\libCH57xBLE.a(l2cap.o)
                0x00000000000081d2                l2capHandleConnStatusCB
 .text.l2capHandleRxError
                0x000000000000820e        0x6 G:\╄    单片机\WCH\CH573\EVT\EXAM\BLE\LIB\libCH57xBLE.a(l2cap.o)
                0x000000000000820e                l2capHandleRxError
 .text.L2CAP_GetMTU
                0x0000000000008214        0x6 G:\╄    单片机\WCH\CH573\EVT\EXAM\BLE\LIB\libCH57xBLE.a(l2cap.o)
                0x0000000000008214                L2CAP_GetMTU
 .text.L2CAP_HostNumCompletedPkts
                0x000000000000821a       0x28 G:\╄    单片机\WCH\CH573\EVT\EXAM\BLE\LIB\libCH57xBLE.a(l2cap.o)
                0x000000000000821a                L2CAP_HostNumCompletedPkts
 .text.L2CAP_ParseConnectReq
                0x0000000000008242       0x5e G:\╄    单片机\WCH\CH573\EVT\EXAM\BLE\LIB\libCH57xBLE.a(l2cap.o)
                0x0000000000008242                L2CAP_ParseConnectReq
 .text.L2CAP_ParseFlowCtrlCredit
                0x00000000000082a0       0x2e G:\╄    单片机\WCH\CH573\EVT\EXAM\BLE\LIB\libCH57xBLE.a(l2cap.o)
                0x00000000000082a0                L2CAP_ParseFlowCtrlCredit
 .text.L2CAP_RegisterApp
                0x00000000000082ce       0x30 G:\╄    单片机\WCH\CH573\EVT\EXAM\BLE\LIB\libCH57xBLE.a(l2cap.o)
                0x00000000000082ce                L2CAP_RegisterApp
 .text.L2CAP_SetBufSize
                0x00000000000082fe       0x1e G:\╄    单片机\WCH\CH573\EVT\EXAM\BLE\LIB\libCH57xBLE.a(l2cap.o)
                0x00000000000082fe                L2CAP_SetBufSize
 .text.L2CAP_bm_alloc
                0x000000000000831c       0x2a G:\╄    单片机\WCH\CH573\EVT\EXAM\BLE\LIB\libCH57xBLE.a(l2cap.o)
                0x000000000000831c                L2CAP_bm_alloc
 .text.L2CAP_Init
                0x0000000000008346       0xee G:\╄    单片机\WCH\CH573\EVT\EXAM\BLE\LIB\libCH57xBLE.a(l2cap.o)
                0x0000000000008346                L2CAP_Init
 .text.L2CAP_ProcessEvent
                0x0000000000008434       0xc8 G:\╄    单片机\WCH\CH573\EVT\EXAM\BLE\LIB\libCH57xBLE.a(l2cap.o)
                0x0000000000008434                L2CAP_ProcessEvent
 .text.l2capParseCmdReject
                0x00000000000084fc       0x5e G:\╄    单片机\WCH\CH573\EVT\EXAM\BLE\LIB\libCH57xBLE.a(l2cap_input.o)
                0x00000000000084fc                l2capParseCmdReject
 .text.l2capParseDisconnectReq
                0x000000000000855a       0x2e G:\╄    单片机\WCH\CH573\EVT\EXAM\BLE\LIB\libCH57xBLE.a(l2cap_input.o)
                0x000000000000855a                l2capParseDisconnectReq
 .text.l2capParseDisconnectRsp
                0x0000000000008588       0x2e G:\╄    单片机\WCH\CH573\EVT\EXAM\BLE\LIB\libCH57xBLE.a(l2cap_input.o)
                0x0000000000008588                l2capParseDisconnectRsp
 .text.L2CAP_ParseParamUpdateReq
                0x00000000000085b6       0x4e G:\╄    单片机\WCH\CH573\EVT\EXAM\BLE\LIB\libCH57xBLE.a(l2cap_input.o)
                0x00000000000085b6                L2CAP_ParseParamUpdateReq
 .text.l2capParseParamUpdateRsp
                0x0000000000008604       0x1e G:\╄    单片机\WCH\CH573\EVT\EXAM\BLE\LIB\libCH57xBLE.a(l2cap_input.o)
                0x0000000000008604                l2capParseParamUpdateRsp
 .text.l2capProcessConnectReq
                0x0000000000008622       0xfc G:\╄    单片机\WCH\CH573\EVT\EXAM\BLE\LIB\libCH57xBLE.a(l2cap_input.o)
                0x0000000000008622                l2capProcessConnectReq
 .text.l2capParseConnectRsp
                0x000000000000871e       0x5e G:\╄    单片机\WCH\CH573\EVT\EXAM\BLE\LIB\libCH57xBLE.a(l2cap_input.o)
                0x000000000000871e                l2capParseConnectRsp
 .text.l2capParseSignalHdr
                0x000000000000877c       0x22 G:\╄    单片机\WCH\CH573\EVT\EXAM\BLE\LIB\libCH57xBLE.a(l2cap_input.o)
                0x000000000000877c                l2capParseSignalHdr
 .text.l2capParsePacket
                0x000000000000879e       0x8c G:\╄    单片机\WCH\CH573\EVT\EXAM\BLE\LIB\libCH57xBLE.a(l2cap_input.o)
                0x000000000000879e                l2capParsePacket
 .text.l2capProcessReq
                0x000000000000882a      0x15a G:\╄    单片机\WCH\CH573\EVT\EXAM\BLE\LIB\libCH57xBLE.a(l2cap_input.o)
                0x000000000000882a                l2capProcessReq
 .text.l2capProcessRsp
                0x0000000000008984      0x150 G:\╄    单片机\WCH\CH573\EVT\EXAM\BLE\LIB\libCH57xBLE.a(l2cap_input.o)
                0x0000000000008984                l2capProcessRsp
 .text.l2capProcessRxData
                0x0000000000008ad4       0xf8 G:\╄    单片机\WCH\CH573\EVT\EXAM\BLE\LIB\libCH57xBLE.a(l2cap_input.o)
                0x0000000000008ad4                l2capProcessRxData
 .text.l2capNotifyData
                0x0000000000008bcc       0x5a G:\╄    单片机\WCH\CH573\EVT\EXAM\BLE\LIB\libCH57xBLE.a(l2cap_output.o)
                0x0000000000008bcc                l2capNotifyData
 .text.l2capNotifySignal
                0x0000000000008c26       0x76 G:\╄    单片机\WCH\CH573\EVT\EXAM\BLE\LIB\libCH57xBLE.a(l2cap_output.o)
                0x0000000000008c26                l2capNotifySignal
 .text.l2capNotifyCreditEvt
                0x0000000000008c9c       0x9c G:\╄    单片机\WCH\CH573\EVT\EXAM\BLE\LIB\libCH57xBLE.a(l2cap_output.o)
                0x0000000000008c9c                l2capNotifyCreditEvt
 .text.l2capNotifyChannelEstEvt
                0x0000000000008d38       0x58 G:\╄    单片机\WCH\CH573\EVT\EXAM\BLE\LIB\libCH57xBLE.a(l2cap_output.o)
                0x0000000000008d38                l2capNotifyChannelEstEvt
 .text.l2capNotifyChannelTermEvt
                0x0000000000008d90       0x3e G:\╄    单片机\WCH\CH573\EVT\EXAM\BLE\LIB\libCH57xBLE.a(l2cap_output.o)
                0x0000000000008d90                l2capNotifyChannelTermEvt
 .text.l2capNotifyEvent
                0x0000000000008dce       0x66 G:\╄    单片机\WCH\CH573\EVT\EXAM\BLE\LIB\libCH57xBLE.a(l2cap_output.o)
                0x0000000000008dce                l2capNotifyEvent
 .text.l2capStoreFCPkt
                0x0000000000008e34       0x32 G:\╄    单片机\WCH\CH573\EVT\EXAM\BLE\LIB\libCH57xBLE.a(l2cap_output.o)
                0x0000000000008e34                l2capStoreFCPkt
 .text.l2capFreeTxSDU
                0x0000000000008e66       0x9a G:\╄    单片机\WCH\CH573\EVT\EXAM\BLE\LIB\libCH57xBLE.a(l2cap_output.o)
                0x0000000000008e66                l2capFreeTxSDU
 .text.l2capReassembleSegment
                0x0000000000008f00      0x174 G:\╄    单片机\WCH\CH573\EVT\EXAM\BLE\LIB\libCH57xBLE.a(l2cap_output.o)
                0x0000000000008f00                l2capReassembleSegment
 .text.l2capEncapSendData
                0x0000000000009074       0xec G:\╄    单片机\WCH\CH573\EVT\EXAM\BLE\LIB\libCH57xBLE.a(l2cap_output.o)
                0x0000000000009074                l2capEncapSendData
 .text.l2capSendFCPkt.part.3
                0x0000000000009160       0x70 G:\╄    单片机\WCH\CH573\EVT\EXAM\BLE\LIB\libCH57xBLE.a(l2cap_output.o)
 .text.l2capSendSegment
                0x00000000000091d0      0x108 G:\╄    单片机\WCH\CH573\EVT\EXAM\BLE\LIB\libCH57xBLE.a(l2cap_output.o)
                0x00000000000091d0                l2capSendSegment
 .text.l2capSendNextSegment
                0x00000000000092d8       0xb4 G:\╄    单片机\WCH\CH573\EVT\EXAM\BLE\LIB\libCH57xBLE.a(l2cap_output.o)
                0x00000000000092d8                l2capSendNextSegment
 .text.l2capSendPkt
                0x000000000000938c       0x3a G:\╄    单片机\WCH\CH573\EVT\EXAM\BLE\LIB\libCH57xBLE.a(l2cap_output.o)
                0x000000000000938c                l2capSendPkt
 .text.L2CAP_SendData
                0x00000000000093c6       0x82 G:\╄    单片机\WCH\CH573\EVT\EXAM\BLE\LIB\libCH57xBLE.a(l2cap_output.o)
                0x00000000000093c6                L2CAP_SendData
 .text.l2capSendCmd
                0x0000000000009448       0x8a G:\╄    单片机\WCH\CH573\EVT\EXAM\BLE\LIB\libCH57xBLE.a(l2cap_output.o)
                0x0000000000009448                l2capSendCmd
 .text.l2capSendReq
                0x00000000000094d2       0xae G:\╄    单片机\WCH\CH573\EVT\EXAM\BLE\LIB\libCH57xBLE.a(l2cap_output.o)
                0x00000000000094d2                l2capSendReq
 .text.l2capBuildDisconnectReq
                0x0000000000009580       0x28 G:\╄    单片机\WCH\CH573\EVT\EXAM\BLE\LIB\libCH57xBLE.a(l2cap_sdu.o)
 .text.l2capBuildParamUpdateReq
                0x00000000000095a8       0x4c G:\╄    单片机\WCH\CH573\EVT\EXAM\BLE\LIB\libCH57xBLE.a(l2cap_sdu.o)
 .text.l2capBuildParamUpdateRsp
                0x00000000000095f4       0x16 G:\╄    单片机\WCH\CH573\EVT\EXAM\BLE\LIB\libCH57xBLE.a(l2cap_sdu.o)
 .text.l2capBuildConnectRsp
                0x000000000000960a       0x5e G:\╄    单片机\WCH\CH573\EVT\EXAM\BLE\LIB\libCH57xBLE.a(l2cap_sdu.o)
 .text.l2capBuildCmdReject
                0x0000000000009668       0x62 G:\╄    单片机\WCH\CH573\EVT\EXAM\BLE\LIB\libCH57xBLE.a(l2cap_sdu.o)
                0x0000000000009668                l2capBuildCmdReject
 .text.l2capBuildDisconnectRsp
                0x00000000000096ca       0x28 G:\╄    单片机\WCH\CH573\EVT\EXAM\BLE\LIB\libCH57xBLE.a(l2cap_sdu.o)
                0x00000000000096ca                l2capBuildDisconnectRsp
 .text.l2capSendConnectRsp
                0x00000000000096f2       0xa2 G:\╄    单片机\WCH\CH573\EVT\EXAM\BLE\LIB\libCH57xBLE.a(l2cap_sdu.o)
                0x00000000000096f2                l2capSendConnectRsp
 .text.L2CAP_CmdReject
                0x0000000000009794       0x12 G:\╄    单片机\WCH\CH573\EVT\EXAM\BLE\LIB\libCH57xBLE.a(l2cap_sdu.o)
                0x0000000000009794                L2CAP_CmdReject
 .text.L2CAP_DisconnectReq
                0x00000000000097a6       0x2a G:\╄    单片机\WCH\CH573\EVT\EXAM\BLE\LIB\libCH57xBLE.a(l2cap_sdu.o)
                0x00000000000097a6                L2CAP_DisconnectReq
 .text.L2CAP_ConnParamUpdateReq
                0x00000000000097d0       0x16 G:\╄    单片机\WCH\CH573\EVT\EXAM\BLE\LIB\libCH57xBLE.a(l2cap_sdu.o)
                0x00000000000097d0                L2CAP_ConnParamUpdateReq
 .text.L2CAP_ConnParamUpdateRsp
                0x00000000000097e6       0x12 G:\╄    单片机\WCH\CH573\EVT\EXAM\BLE\LIB\libCH57xBLE.a(l2cap_sdu.o)
                0x00000000000097e6                L2CAP_ConnParamUpdateRsp
 .text.reportStatusChange
                0x00000000000097f8       0x3e G:\╄    单片机\WCH\CH573\EVT\EXAM\BLE\LIB\libCH57xBLE.a(linkdb.o)
 .text.linkDB_Init
                0x0000000000009836       0x88 G:\╄    单片机\WCH\CH573\EVT\EXAM\BLE\LIB\libCH57xBLE.a(linkdb.o)
                0x0000000000009836                linkDB_Init
 .text.linkDB_Find
                0x00000000000098be       0x2c G:\╄    单片机\WCH\CH573\EVT\EXAM\BLE\LIB\libCH57xBLE.a(linkdb.o)
                0x00000000000098be                linkDB_Find
 .text.linkDB_Authen
                0x00000000000098ea       0x5c G:\╄    单片机\WCH\CH573\EVT\EXAM\BLE\LIB\libCH57xBLE.a(linkdb.o)
                0x00000000000098ea                linkDB_Authen
 .text.linkDB_FindByAddr
                0x0000000000009946       0x76 G:\╄    单片机\WCH\CH573\EVT\EXAM\BLE\LIB\libCH57xBLE.a(linkdb.o)
                0x0000000000009946                linkDB_FindByAddr
 .text.linkDB_FindFirst
                0x00000000000099bc       0x38 G:\╄    单片机\WCH\CH573\EVT\EXAM\BLE\LIB\libCH57xBLE.a(linkdb.o)
                0x00000000000099bc                linkDB_FindFirst
 .text.linkDB_MTU
                0x00000000000099f4       0x18 G:\╄    单片机\WCH\CH573\EVT\EXAM\BLE\LIB\libCH57xBLE.a(linkdb.o)
                0x00000000000099f4                linkDB_MTU
 .text.linkDB_NumActive
                0x0000000000009a0c       0x2e G:\╄    单片机\WCH\CH573\EVT\EXAM\BLE\LIB\libCH57xBLE.a(linkdb.o)
                0x0000000000009a0c                linkDB_NumActive
 .text.linkDB_NumConns
                0x0000000000009a3a        0x6 G:\╄    单片机\WCH\CH573\EVT\EXAM\BLE\LIB\libCH57xBLE.a(linkdb.o)
                0x0000000000009a3a                linkDB_NumConns
 .text.linkDB_Register
                0x0000000000009a40       0x28 G:\╄    单片机\WCH\CH573\EVT\EXAM\BLE\LIB\libCH57xBLE.a(linkdb.o)
                0x0000000000009a40                linkDB_Register
 .text.linkDB_Remove
                0x0000000000009a68       0x48 G:\╄    单片机\WCH\CH573\EVT\EXAM\BLE\LIB\libCH57xBLE.a(linkdb.o)
                0x0000000000009a68                linkDB_Remove
 .text.linkDB_Role
                0x0000000000009ab0       0x18 G:\╄    单片机\WCH\CH573\EVT\EXAM\BLE\LIB\libCH57xBLE.a(linkdb.o)
                0x0000000000009ab0                linkDB_Role
 .text.linkDB_State
                0x0000000000009ac8       0x30 G:\╄    单片机\WCH\CH573\EVT\EXAM\BLE\LIB\libCH57xBLE.a(linkdb.o)
                0x0000000000009ac8                linkDB_State
 .text.linkDB_UpdateMTU
                0x0000000000009af8       0x28 G:\╄    单片机\WCH\CH573\EVT\EXAM\BLE\LIB\libCH57xBLE.a(linkdb.o)
                0x0000000000009af8                linkDB_UpdateMTU
 .text.linkDB_PerformFunc
                0x0000000000009b20       0x52 G:\╄    单片机\WCH\CH573\EVT\EXAM\BLE\LIB\libCH57xBLE.a(linkdb.o)
                0x0000000000009b20                linkDB_PerformFunc
 .text.linkDB_GetSMEvtID
                0x0000000000009b72       0x58 G:\╄    单片机\WCH\CH573\EVT\EXAM\BLE\LIB\libCH57xBLE.a(linkdb.o)
                0x0000000000009b72                linkDB_GetSMEvtID
 .text.linkDB_Add
                0x0000000000009bca       0xb2 G:\╄    单片机\WCH\CH573\EVT\EXAM\BLE\LIB\libCH57xBLE.a(linkdb.o)
                0x0000000000009bca                linkDB_Add
 .text.linkDB_GetHandleFromSMEvtID
                0x0000000000009c7c       0x32 G:\╄    单片机\WCH\CH573\EVT\EXAM\BLE\LIB\libCH57xBLE.a(linkdb.o)
                0x0000000000009c7c                linkDB_GetHandleFromSMEvtID
 .text.linkDB_GetPairingParam
                0x0000000000009cae       0x54 G:\╄    单片机\WCH\CH573\EVT\EXAM\BLE\LIB\libCH57xBLE.a(linkdb.o)
                0x0000000000009cae                linkDB_GetPairingParam
 .text.linkDB_NeedSendKey
                0x0000000000009d02       0x42 G:\╄    单片机\WCH\CH573\EVT\EXAM\BLE\LIB\libCH57xBLE.a(linkdb.o)
                0x0000000000009d02                linkDB_NeedSendKey
 .text.smpBuildPairingFailed
                0x0000000000009d44       0x1a G:\╄    单片机\WCH\CH573\EVT\EXAM\BLE\LIB\libCH57xBLE.a(sm.o)
                0x0000000000009d44                smpBuildPairingFailed
 .text.SM_StartEncryption
                0x0000000000009d5e       0x98 G:\╄    单片机\WCH\CH573\EVT\EXAM\BLE\LIB\libCH57xBLE.a(sm.o)
                0x0000000000009d5e                SM_StartEncryption
 .text.smpBuildEncInfo
                0x0000000000009df6       0x30 G:\╄    单片机\WCH\CH573\EVT\EXAM\BLE\LIB\libCH57xBLE.a(sm.o)
                0x0000000000009df6                smpBuildEncInfo
 .text.smpBuildIdentityAddrInfo
                0x0000000000009e26       0x3a G:\╄    单片机\WCH\CH573\EVT\EXAM\BLE\LIB\libCH57xBLE.a(sm.o)
                0x0000000000009e26                smpBuildIdentityAddrInfo
 .text.smpBuildIdentityInfo
                0x0000000000009e60       0x30 G:\╄    单片机\WCH\CH573\EVT\EXAM\BLE\LIB\libCH57xBLE.a(sm.o)
                0x0000000000009e60                smpBuildIdentityInfo
 .text.smpBuildMasterID
                0x0000000000009e90       0x44 G:\╄    单片机\WCH\CH573\EVT\EXAM\BLE\LIB\libCH57xBLE.a(sm.o)
                0x0000000000009e90                smpBuildMasterID
 .text.smpBuildPairingConfirm
                0x0000000000009ed4       0x30 G:\╄    单片机\WCH\CH573\EVT\EXAM\BLE\LIB\libCH57xBLE.a(sm.o)
                0x0000000000009ed4                smpBuildPairingConfirm
 .text.smpBuildPairingRandom
                0x0000000000009f04       0x30 G:\╄    单片机\WCH\CH573\EVT\EXAM\BLE\LIB\libCH57xBLE.a(sm.o)
                0x0000000000009f04                smpBuildPairingRandom
 .text.smpBuildSigningInfo
                0x0000000000009f34       0x30 G:\╄    单片机\WCH\CH573\EVT\EXAM\BLE\LIB\libCH57xBLE.a(sm.o)
                0x0000000000009f34                smpBuildSigningInfo
 .text.SM_ParamInit
                0x0000000000009f64       0x5a G:\╄    单片机\WCH\CH573\EVT\EXAM\BLE\LIB\libCH57xBLE.a(sm.o)
                0x0000000000009f64                SM_ParamInit
 .text.smDetermineKeySize
                0x0000000000009fbe       0x20 G:\╄    单片机\WCH\CH573\EVT\EXAM\BLE\LIB\libCH57xBLE.a(sm.o)
                0x0000000000009fbe                smDetermineKeySize
 .text.smProcessRandComplete
                0x0000000000009fde       0x9e G:\╄    单片机\WCH\CH573\EVT\EXAM\BLE\LIB\libCH57xBLE.a(sm.o)
                0x0000000000009fde                smProcessRandComplete
 .text.smSavePairInfo
                0x000000000000a07c      0x186 G:\╄    单片机\WCH\CH573\EVT\EXAM\BLE\LIB\libCH57xBLE.a(sm.o)
                0x000000000000a07c                smSavePairInfo
 .text.smSetPairingReqRsp
                0x000000000000a202       0x38 G:\╄    单片机\WCH\CH573\EVT\EXAM\BLE\LIB\libCH57xBLE.a(sm.o)
                0x000000000000a202                smSetPairingReqRsp
 .text.smStartEncryption
                0x000000000000a23a       0x16 G:\╄    单片机\WCH\CH573\EVT\EXAM\BLE\LIB\libCH57xBLE.a(sm.o)
                0x000000000000a23a                smStartEncryption
 .text.smStartRspTimer
                0x000000000000a250       0x36 G:\╄    单片机\WCH\CH573\EVT\EXAM\BLE\LIB\libCH57xBLE.a(sm.o)
                0x000000000000a250                smStartRspTimer
 .text.smSendSMMsg
                0x000000000000a286       0x5c G:\╄    单片机\WCH\CH573\EVT\EXAM\BLE\LIB\libCH57xBLE.a(sm.o)
                0x000000000000a286                smSendSMMsg
 .text.smGenerateConfirm
                0x000000000000a2e2       0x34 G:\╄    单片机\WCH\CH573\EVT\EXAM\BLE\LIB\libCH57xBLE.a(sm.o)
                0x000000000000a2e2                smGenerateConfirm
 .text.smGenerateRandMsg
                0x000000000000a316       0x34 G:\╄    单片机\WCH\CH573\EVT\EXAM\BLE\LIB\libCH57xBLE.a(sm.o)
                0x000000000000a316                smGenerateRandMsg
 .text.smPairingSendEncInfo
                0x000000000000a34a       0x10 G:\╄    单片机\WCH\CH573\EVT\EXAM\BLE\LIB\libCH57xBLE.a(sm.o)
                0x000000000000a34a                smPairingSendEncInfo
 .text.smPairingSendIdentityAddrInfo
                0x000000000000a35a       0x38 G:\╄    单片机\WCH\CH573\EVT\EXAM\BLE\LIB\libCH57xBLE.a(sm.o)
                0x000000000000a35a                smPairingSendIdentityAddrInfo
 .text.smPairingSendIdentityInfo
                0x000000000000a392       0x10 G:\╄    单片机\WCH\CH573\EVT\EXAM\BLE\LIB\libCH57xBLE.a(sm.o)
                0x000000000000a392                smPairingSendIdentityInfo
 .text.smPairingSendMasterID
                0x000000000000a3a2       0x38 G:\╄    单片机\WCH\CH573\EVT\EXAM\BLE\LIB\libCH57xBLE.a(sm.o)
                0x000000000000a3a2                smPairingSendMasterID
 .text.smPairingSendSingingInfo
                0x000000000000a3da       0x10 G:\╄    单片机\WCH\CH573\EVT\EXAM\BLE\LIB\libCH57xBLE.a(sm.o)
                0x000000000000a3da                smPairingSendSingingInfo
 .text.smInitiatorSendNextKeyInfo
                0x000000000000a3ea      0x1c2 G:\╄    单片机\WCH\CH573\EVT\EXAM\BLE\LIB\libCH57xBLE.a(sm.o)
                0x000000000000a3ea                smInitiatorSendNextKeyInfo
 .text.smResponderSendNextKeyInfo
                0x000000000000a5ac      0x216 G:\╄    单片机\WCH\CH573\EVT\EXAM\BLE\LIB\libCH57xBLE.a(sm.o)
                0x000000000000a5ac                smResponderSendNextKeyInfo
 .text.smGeneratePairingReqRsp
                0x000000000000a7c2       0x3e G:\╄    单片机\WCH\CH573\EVT\EXAM\BLE\LIB\libCH57xBLE.a(sm.o)
                0x000000000000a7c2                smGeneratePairingReqRsp
 .text.smStopRspTimer
                0x000000000000a800        0xa G:\╄    单片机\WCH\CH573\EVT\EXAM\BLE\LIB\libCH57xBLE.a(sm.o)
                0x000000000000a800                smStopRspTimer
 .text.smFreePairingParams
                0x000000000000a80a       0x68 G:\╄    单片机\WCH\CH573\EVT\EXAM\BLE\LIB\libCH57xBLE.a(sm.o)
                0x000000000000a80a                smFreePairingParams
 .text.smEndPairing
                0x000000000000a872       0x5c G:\╄    单片机\WCH\CH573\EVT\EXAM\BLE\LIB\libCH57xBLE.a(sm.o)
                0x000000000000a872                smEndPairing
 .text.setupInitiatorKeys
                0x000000000000a8ce       0x82 G:\╄    单片机\WCH\CH573\EVT\EXAM\BLE\LIB\libCH57xBLE.a(sm.o)
                0x000000000000a8ce                setupInitiatorKeys
 .text.smNextPairingState
                0x000000000000a950       0x56 G:\╄    单片机\WCH\CH573\EVT\EXAM\BLE\LIB\libCH57xBLE.a(sm.o)
                0x000000000000a950                smNextPairingState
 .text.smProcessEncryptChange
                0x000000000000a9a6       0xde G:\╄    单片机\WCH\CH573\EVT\EXAM\BLE\LIB\libCH57xBLE.a(sm.o)
                0x000000000000a9a6                smProcessEncryptChange
 .text.smSendFailAndEnd
                0x000000000000aa84       0x38 G:\╄    单片机\WCH\CH573\EVT\EXAM\BLE\LIB\libCH57xBLE.a(sm.o)
                0x000000000000aa84                smSendFailAndEnd
 .text.smProcessPairingReq
                0x000000000000aabc       0x3c G:\╄    单片机\WCH\CH573\EVT\EXAM\BLE\LIB\libCH57xBLE.a(sm.o)
                0x000000000000aabc                smProcessPairingReq
 .text.smLinkCheck
                0x000000000000aaf8       0x34 G:\╄    单片机\WCH\CH573\EVT\EXAM\BLE\LIB\libCH57xBLE.a(sm.o)
                0x000000000000aaf8                smLinkCheck
 .text.smTimedOut
                0x000000000000ab2c       0x20 G:\╄    单片机\WCH\CH573\EVT\EXAM\BLE\LIB\libCH57xBLE.a(sm.o)
                0x000000000000ab2c                smTimedOut
 .text.sm_ah    0x000000000000ab4c       0x80 G:\╄    单片机\WCH\CH573\EVT\EXAM\BLE\LIB\libCH57xBLE.a(sm.o)
                0x000000000000ab4c                sm_ah
 .text.sm_xor   0x000000000000abcc       0x24 G:\╄    单片机\WCH\CH573\EVT\EXAM\BLE\LIB\libCH57xBLE.a(sm.o)
                0x000000000000abcc                sm_xor
 .text.sm_c1new
                0x000000000000abf0      0x11c G:\╄    单片机\WCH\CH573\EVT\EXAM\BLE\LIB\libCH57xBLE.a(sm.o)
                0x000000000000abf0                sm_c1new
 .text.sm_s1    0x000000000000ad0c       0x86 G:\╄    单片机\WCH\CH573\EVT\EXAM\BLE\LIB\libCH57xBLE.a(sm.o)
                0x000000000000ad0c                sm_s1
 .text.smResponderProcessLTKReq
                0x000000000000ad92      0x1e6 G:\╄    单片机\WCH\CH573\EVT\EXAM\BLE\LIB\libCH57xBLE.a(sm.o)
                0x000000000000ad92                smResponderProcessLTKReq
 .text.xor_128  0x000000000000af78       0x28 G:\╄    单片机\WCH\CH573\EVT\EXAM\BLE\LIB\libCH57xBLE.a(sm.o)
                0x000000000000af78                xor_128
 .text.leftshift_onebit
                0x000000000000afa0       0x2e G:\╄    单片机\WCH\CH573\EVT\EXAM\BLE\LIB\libCH57xBLE.a(sm.o)
                0x000000000000afa0                leftshift_onebit
 .text.padding  0x000000000000afce       0x38 G:\╄    单片机\WCH\CH573\EVT\EXAM\BLE\LIB\libCH57xBLE.a(sm.o)
                0x000000000000afce                padding
 .text.generate_subkey
                0x000000000000b006       0xd0 G:\╄    单片机\WCH\CH573\EVT\EXAM\BLE\LIB\libCH57xBLE.a(sm.o)
                0x000000000000b006                generate_subkey
 .text.sm_CMAC  0x000000000000b0d6      0x16e G:\╄    单片机\WCH\CH573\EVT\EXAM\BLE\LIB\libCH57xBLE.a(sm.o)
                0x000000000000b0d6                sm_CMAC
 .text.smpBuildPairingReqRsp
                0x000000000000b244       0xc6 G:\╄    单片机\WCH\CH573\EVT\EXAM\BLE\LIB\libCH57xBLE.a(sm.o)
                0x000000000000b244                smpBuildPairingReqRsp
 .text.smpBuildPairingReq
                0x000000000000b30a        0xa G:\╄    单片机\WCH\CH573\EVT\EXAM\BLE\LIB\libCH57xBLE.a(sm.o)
                0x000000000000b30a                smpBuildPairingReq
 .text.smpBuildPairingRsp
                0x000000000000b314        0xa G:\╄    单片机\WCH\CH573\EVT\EXAM\BLE\LIB\libCH57xBLE.a(sm.o)
                0x000000000000b314                smpBuildPairingRsp
 .text.sm_c1    0x000000000000b31e       0xb4 G:\╄    单片机\WCH\CH573\EVT\EXAM\BLE\LIB\libCH57xBLE.a(sm.o)
                0x000000000000b31e                sm_c1
 .text.smpInitiatorProcessPairingRsp
                0x000000000000b3d2      0x116 G:\╄    单片机\WCH\CH573\EVT\EXAM\BLE\LIB\libCH57xBLE.a(sm.o)
                0x000000000000b3d2                smpInitiatorProcessPairingRsp
 .text.smpInitiatorProcessIncoming
                0x000000000000b4e8      0x23e G:\╄    单片机\WCH\CH573\EVT\EXAM\BLE\LIB\libCH57xBLE.a(sm.o)
                0x000000000000b4e8                smpInitiatorProcessIncoming
 .text.smpParseEncInfo
                0x000000000000b726       0x2a G:\╄    单片机\WCH\CH573\EVT\EXAM\BLE\LIB\libCH57xBLE.a(sm.o)
                0x000000000000b726                smpParseEncInfo
 .text.smpParseIdentityAddrInfo
                0x000000000000b750       0x34 G:\╄    单片机\WCH\CH573\EVT\EXAM\BLE\LIB\libCH57xBLE.a(sm.o)
                0x000000000000b750                smpParseIdentityAddrInfo
 .text.smpParseIdentityInfo
                0x000000000000b784       0x2a G:\╄    单片机\WCH\CH573\EVT\EXAM\BLE\LIB\libCH57xBLE.a(sm.o)
                0x000000000000b784                smpParseIdentityInfo
 .text.smpParseMasterID
                0x000000000000b7ae       0x3c G:\╄    单片机\WCH\CH573\EVT\EXAM\BLE\LIB\libCH57xBLE.a(sm.o)
                0x000000000000b7ae                smpParseMasterID
 .text.smpParsePairingConfirm
                0x000000000000b7ea       0x2a G:\╄    单片机\WCH\CH573\EVT\EXAM\BLE\LIB\libCH57xBLE.a(sm.o)
                0x000000000000b7ea                smpParsePairingConfirm
 .text.smpParsePairingFailed
                0x000000000000b814       0x22 G:\╄    单片机\WCH\CH573\EVT\EXAM\BLE\LIB\libCH57xBLE.a(sm.o)
                0x000000000000b814                smpParsePairingFailed
 .text.smpParsePairingRandom
                0x000000000000b836       0x2a G:\╄    单片机\WCH\CH573\EVT\EXAM\BLE\LIB\libCH57xBLE.a(sm.o)
                0x000000000000b836                smpParsePairingRandom
 .text.smpParsePairingReq
                0x000000000000b860      0x118 G:\╄    单片机\WCH\CH573\EVT\EXAM\BLE\LIB\libCH57xBLE.a(sm.o)
                0x000000000000b860                smpParsePairingReq
 .text.smpParseSigningInfo
                0x000000000000b978       0x2a G:\╄    单片机\WCH\CH573\EVT\EXAM\BLE\LIB\libCH57xBLE.a(sm.o)
                0x000000000000b978                smpParseSigningInfo
 .text.smProcessDataMsg
                0x000000000000b9a2       0xec G:\╄    单片机\WCH\CH573\EVT\EXAM\BLE\LIB\libCH57xBLE.a(sm.o)
                0x000000000000b9a2                smProcessDataMsg
 .text.smProcessTMOSMsg
                0x000000000000ba8e       0xd4 G:\╄    单片机\WCH\CH573\EVT\EXAM\BLE\LIB\libCH57xBLE.a(sm.o)
                0x000000000000ba8e                smProcessTMOSMsg
 .text.smpResponderProcessPairingReq
                0x000000000000bb62       0xd6 G:\╄    单片机\WCH\CH573\EVT\EXAM\BLE\LIB\libCH57xBLE.a(sm.o)
                0x000000000000bb62                smpResponderProcessPairingReq
 .text.smpResponderProcessIncoming
                0x000000000000bc38      0x24c G:\╄    单片机\WCH\CH573\EVT\EXAM\BLE\LIB\libCH57xBLE.a(sm.o)
                0x000000000000bc38                smpResponderProcessIncoming
 .text.SM_CalcRandomAddr
                0x000000000000be84       0x54 G:\╄    单片机\WCH\CH573\EVT\EXAM\BLE\LIB\libCH57xBLE.a(sm.o)
                0x000000000000be84                SM_CalcRandomAddr
 .text.SM_GenerateAuthenSig
                0x000000000000bed8       0xda G:\╄    单片机\WCH\CH573\EVT\EXAM\BLE\LIB\libCH57xBLE.a(sm.o)
                0x000000000000bed8                SM_GenerateAuthenSig
 .text.SM_Init  0x000000000000bfb2       0x26 G:\╄    单片机\WCH\CH573\EVT\EXAM\BLE\LIB\libCH57xBLE.a(sm.o)
                0x000000000000bfb2                SM_Init
 .text.SM_InitiatorInit
                0x000000000000bfd8       0x1a G:\╄    单片机\WCH\CH573\EVT\EXAM\BLE\LIB\libCH57xBLE.a(sm.o)
                0x000000000000bfd8                SM_InitiatorInit
 .text.SM_PasskeyUpdate
                0x000000000000bff2       0xc8 G:\╄    单片机\WCH\CH573\EVT\EXAM\BLE\LIB\libCH57xBLE.a(sm.o)
                0x000000000000bff2                SM_PasskeyUpdate
 .text.SM_ProcessEvent
                0x000000000000c0ba       0x9e G:\╄    单片机\WCH\CH573\EVT\EXAM\BLE\LIB\libCH57xBLE.a(sm.o)
                0x000000000000c0ba                SM_ProcessEvent
 .text.SM_ResolveRandomAddrs
                0x000000000000c158       0x5a G:\╄    单片机\WCH\CH573\EVT\EXAM\BLE\LIB\libCH57xBLE.a(sm.o)
                0x000000000000c158                SM_ResolveRandomAddrs
 .text.SM_ResponderInit
                0x000000000000c1b2       0x1a G:\╄    单片机\WCH\CH573\EVT\EXAM\BLE\LIB\libCH57xBLE.a(sm.o)
                0x000000000000c1b2                SM_ResponderInit
 .text.SM_StartPairing
                0x000000000000c1cc       0xcc G:\╄    单片机\WCH\CH573\EVT\EXAM\BLE\LIB\libCH57xBLE.a(sm.o)
                0x000000000000c1cc                SM_StartPairing
 .text.SM_VerifyAuthenSig
                0x000000000000c298      0x138 G:\╄    单片机\WCH\CH573\EVT\EXAM\BLE\LIB\libCH57xBLE.a(sm.o)
                0x000000000000c298                SM_VerifyAuthenSig
 .text.HOST_LE_ConnectionCompleteEvent
                0x000000000000c3d0       0xc2 G:\╄    单片机\WCH\CH573\EVT\EXAM\BLE\LIB\libCH57xBLE.a(host_input.o)
                0x000000000000c3d0                HOST_LE_ConnectionCompleteEvent
 .text.HOST_LE_ConnectionUpdateCompleteEvent
                0x000000000000c492       0x5c G:\╄    单片机\WCH\CH573\EVT\EXAM\BLE\LIB\libCH57xBLE.a(host_input.o)
                0x000000000000c492                HOST_LE_ConnectionUpdateCompleteEvent
 .text.HOST_LE_ReadRemoteUsedFeaturesCompleteEvent
                0x000000000000c4ee       0x62 G:\╄    单片机\WCH\CH573\EVT\EXAM\BLE\LIB\libCH57xBLE.a(host_input.o)
                0x000000000000c4ee                HOST_LE_ReadRemoteUsedFeaturesCompleteEvent
 .text.HOST_LE_LongTermKeyRequestEvent
                0x000000000000c550       0x60 G:\╄    单片机\WCH\CH573\EVT\EXAM\BLE\LIB\libCH57xBLE.a(host_input.o)
                0x000000000000c550                HOST_LE_LongTermKeyRequestEvent
 .text.HOST_LE_RemoteConnectionParameterRequestEvent
                0x000000000000c5b0       0x5c G:\╄    单片机\WCH\CH573\EVT\EXAM\BLE\LIB\libCH57xBLE.a(host_input.o)
                0x000000000000c5b0                HOST_LE_RemoteConnectionParameterRequestEvent
 .text.HOST_RemoteConnectionParameterRequestEvent
                0x000000000000c60c       0x42 G:\╄    单片机\WCH\CH573\EVT\EXAM\BLE\LIB\libCH57xBLE.a(host_input.o)
                0x000000000000c60c                HOST_RemoteConnectionParameterRequestEvent
 .text.HOST_LE_DataLengthChangeEvent
                0x000000000000c64e       0x5c G:\╄    单片机\WCH\CH573\EVT\EXAM\BLE\LIB\libCH57xBLE.a(host_input.o)
                0x000000000000c64e                HOST_LE_DataLengthChangeEvent
 .text.HOST_LE_EnhancedConnectionCompleteEvent
                0x000000000000c6aa      0x118 G:\╄    单片机\WCH\CH573\EVT\EXAM\BLE\LIB\libCH57xBLE.a(host_input.o)
                0x000000000000c6aa                HOST_LE_EnhancedConnectionCompleteEvent
 .text.HOST_DisconnectionCompleteEvent
                0x000000000000c7c2       0x44 G:\╄    单片机\WCH\CH573\EVT\EXAM\BLE\LIB\libCH57xBLE.a(host_input.o)
                0x000000000000c7c2                HOST_DisconnectionCompleteEvent
 .text.HOST_EncryptionChangeEvent
                0x000000000000c806       0x4c G:\╄    单片机\WCH\CH573\EVT\EXAM\BLE\LIB\libCH57xBLE.a(host_input.o)
                0x000000000000c806                HOST_EncryptionChangeEvent
 .text.HOST_ReadRemoteVersionInfoEvent
                0x000000000000c852       0x56 G:\╄    单片机\WCH\CH573\EVT\EXAM\BLE\LIB\libCH57xBLE.a(host_input.o)
                0x000000000000c852                HOST_ReadRemoteVersionInfoEvent
 .text.HOST_CommandCompleteEvent
                0x000000000000c8a8       0x5e G:\╄    单片机\WCH\CH573\EVT\EXAM\BLE\LIB\libCH57xBLE.a(host_input.o)
                0x000000000000c8a8                HOST_CommandCompleteEvent
 .text.HOST_CommandStatusEvent
                0x000000000000c906       0x44 G:\╄    单片机\WCH\CH573\EVT\EXAM\BLE\LIB\libCH57xBLE.a(host_input.o)
                0x000000000000c906                HOST_CommandStatusEvent
 .text.HOST_DataBufferOverflowEvent
                0x000000000000c94a       0x3a G:\╄    单片机\WCH\CH573\EVT\EXAM\BLE\LIB\libCH57xBLE.a(host_input.o)
                0x000000000000c94a                HOST_DataBufferOverflowEvent
 .text.HOST_EncryptionKeyRefreshCompleteEvent
                0x000000000000c984       0x46 G:\╄    单片机\WCH\CH573\EVT\EXAM\BLE\LIB\libCH57xBLE.a(host_input.o)
                0x000000000000c984                HOST_EncryptionKeyRefreshCompleteEvent
 .text.HOST_NumberOfCompletedPacketsEvent
                0x000000000000c9ca       0x40 G:\╄    单片机\WCH\CH573\EVT\EXAM\BLE\LIB\libCH57xBLE.a(host_input.o)
                0x000000000000c9ca                HOST_NumberOfCompletedPacketsEvent
 .text.HOST_RecvDataPackets
                0x000000000000ca0a      0x1c6 G:\╄    单片机\WCH\CH573\EVT\EXAM\BLE\LIB\libCH57xBLE.a(host_input.o)
                0x000000000000ca0a                HOST_RecvDataPackets
 .text.HCI_DisconnectCmd
                0x000000000000cbd0        0x4 G:\╄    单片机\WCH\CH573\EVT\EXAM\BLE\LIB\libCH57xBLE.a(host_output.o)
                0x000000000000cbd0                HCI_DisconnectCmd
 .text.HCI_MB_DisconnectCmd
                0x000000000000cbd4        0x4 G:\╄    单片机\WCH\CH573\EVT\EXAM\BLE\LIB\libCH57xBLE.a(host_output.o)
                0x000000000000cbd4                HCI_MB_DisconnectCmd
 .text.HCI_HostNumCompletedPktCmd
                0x000000000000cbd8       0x10 G:\╄    单片机\WCH\CH573\EVT\EXAM\BLE\LIB\libCH57xBLE.a(host_output.o)
                0x000000000000cbd8                HCI_HostNumCompletedPktCmd
 .text.HCI_ReadBDADDRCmd
                0x000000000000cbe8        0x4 G:\╄    单片机\WCH\CH573\EVT\EXAM\BLE\LIB\libCH57xBLE.a(host_output.o)
                0x000000000000cbe8                HCI_ReadBDADDRCmd
 .text.HCI_LE_ReadBufSizeCmd
                0x000000000000cbec        0x4 G:\╄    单片机\WCH\CH573\EVT\EXAM\BLE\LIB\libCH57xBLE.a(host_output.o)
                0x000000000000cbec                HCI_LE_ReadBufSizeCmd
 .text.HCI_LE_SetRandomAddressCmd
                0x000000000000cbf0        0x4 G:\╄    单片机\WCH\CH573\EVT\EXAM\BLE\LIB\libCH57xBLE.a(host_output.o)
                0x000000000000cbf0                HCI_LE_SetRandomAddressCmd
 .text.HCI_LE_SetAdvParamCmd
                0x000000000000cbf4        0x4 G:\╄    单片机\WCH\CH573\EVT\EXAM\BLE\LIB\libCH57xBLE.a(host_output.o)
                0x000000000000cbf4                HCI_LE_SetAdvParamCmd
 .text.HCI_LE_SetAdvDataCmd
                0x000000000000cbf8        0x4 G:\╄    单片机\WCH\CH573\EVT\EXAM\BLE\LIB\libCH57xBLE.a(host_output.o)
                0x000000000000cbf8                HCI_LE_SetAdvDataCmd
 .text.HCI_LE_SetScanRspDataCmd
                0x000000000000cbfc        0x4 G:\╄    单片机\WCH\CH573\EVT\EXAM\BLE\LIB\libCH57xBLE.a(host_output.o)
                0x000000000000cbfc                HCI_LE_SetScanRspDataCmd
 .text.HCI_LE_SetAdvEnableCmd
                0x000000000000cc00        0x4 G:\╄    单片机\WCH\CH573\EVT\EXAM\BLE\LIB\libCH57xBLE.a(host_output.o)
                0x000000000000cc00                HCI_LE_SetAdvEnableCmd
 .text.HCI_LE_SetScanEnableCmd
                0x000000000000cc04        0x4 G:\╄    单片机\WCH\CH573\EVT\EXAM\BLE\LIB\libCH57xBLE.a(host_output.o)
                0x000000000000cc04                HCI_LE_SetScanEnableCmd
 .text.HCI_LE_CreateConnCancelCmd
                0x000000000000cc08        0x4 G:\╄    单片机\WCH\CH573\EVT\EXAM\BLE\LIB\libCH57xBLE.a(host_output.o)
                0x000000000000cc08                HCI_LE_CreateConnCancelCmd
 .text.HCI_LE_ClearWhiteListCmd
                0x000000000000cc0c        0x4 G:\╄    单片机\WCH\CH573\EVT\EXAM\BLE\LIB\libCH57xBLE.a(host_output.o)
                0x000000000000cc0c                HCI_LE_ClearWhiteListCmd
 .text.HCI_LE_AddWhiteListCmd
                0x000000000000cc10        0x4 G:\╄    单片机\WCH\CH573\EVT\EXAM\BLE\LIB\libCH57xBLE.a(host_output.o)
                0x000000000000cc10                HCI_LE_AddWhiteListCmd
 .text.HCI_LE_ConnUpdateCmd
                0x000000000000cc14        0x4 G:\╄    单片机\WCH\CH573\EVT\EXAM\BLE\LIB\libCH57xBLE.a(host_output.o)
                0x000000000000cc14                HCI_LE_ConnUpdateCmd
 .text.HCI_LE_RandCmd
                0x000000000000cc18        0x4 G:\╄    单片机\WCH\CH573\EVT\EXAM\BLE\LIB\libCH57xBLE.a(host_output.o)
                0x000000000000cc18                HCI_LE_RandCmd
 .text.HCI_LE_StartEncyptCmd
                0x000000000000cc1c       0x10 G:\╄    单片机\WCH\CH573\EVT\EXAM\BLE\LIB\libCH57xBLE.a(host_output.o)
                0x000000000000cc1c                HCI_LE_StartEncyptCmd
 .text.HCI_LE_LtkReqReplyCmd
                0x000000000000cc2c        0x4 G:\╄    单片机\WCH\CH573\EVT\EXAM\BLE\LIB\libCH57xBLE.a(host_output.o)
                0x000000000000cc2c                HCI_LE_LtkReqReplyCmd
 .text.HCI_LE_LtkReqNegReplyCmd
                0x000000000000cc30        0x4 G:\╄    单片机\WCH\CH573\EVT\EXAM\BLE\LIB\libCH57xBLE.a(host_output.o)
                0x000000000000cc30                HCI_LE_LtkReqNegReplyCmd
 .text.HCI_LE_RemoteConnParamReqReplyCmd
                0x000000000000cc34        0x4 G:\╄    单片机\WCH\CH573\EVT\EXAM\BLE\LIB\libCH57xBLE.a(host_output.o)
                0x000000000000cc34                HCI_LE_RemoteConnParamReqReplyCmd
 .text.HCI_LE_RemoteConnParamReqNegReplyCmd
                0x000000000000cc38        0x4 G:\╄    单片机\WCH\CH573\EVT\EXAM\BLE\LIB\libCH57xBLE.a(host_output.o)
                0x000000000000cc38                HCI_LE_RemoteConnParamReqNegReplyCmd
 .text.HCI_LE_AddDeviceToResolvingList
                0x000000000000cc3c        0x4 G:\╄    单片机\WCH\CH573\EVT\EXAM\BLE\LIB\libCH57xBLE.a(host_output.o)
                0x000000000000cc3c                HCI_LE_AddDeviceToResolvingList
 .text.HCI_LE_ClearResolvingList
                0x000000000000cc40        0x4 G:\╄    单片机\WCH\CH573\EVT\EXAM\BLE\LIB\libCH57xBLE.a(host_output.o)
                0x000000000000cc40                HCI_LE_ClearResolvingList
 .text.HCI_LE_SetAddressResolvableEnableCmd
                0x000000000000cc44        0x4 G:\╄    单片机\WCH\CH573\EVT\EXAM\BLE\LIB\libCH57xBLE.a(host_output.o)
                0x000000000000cc44                HCI_LE_SetAddressResolvableEnableCmd
 .text.HCI_LE_SetResolvableAddressTimeoutCmd
                0x000000000000cc48        0x4 G:\╄    单片机\WCH\CH573\EVT\EXAM\BLE\LIB\libCH57xBLE.a(host_output.o)
                0x000000000000cc48                HCI_LE_SetResolvableAddressTimeoutCmd
 .text.HCI_SendDataPkt
                0x000000000000cc4c        0x4 G:\╄    单片机\WCH\CH573\EVT\EXAM\BLE\LIB\libCH57xBLE.a(host_output.o)
                0x000000000000cc4c                HCI_SendDataPkt
 .text.HCI_ValidConnTimeParams
                0x000000000000cc50       0x4c G:\╄    单片机\WCH\CH573\EVT\EXAM\BLE\LIB\libCH57xBLE.a(host_output.o)
                0x000000000000cc50                HCI_ValidConnTimeParams
 .text.ll_connect_get_slave_number
                0x000000000000cc9c       0x20 G:\╄    单片机\WCH\CH573\EVT\EXAM\BLE\LIB\libCH57xBLE.a(ll_connect.o)
                0x000000000000cc9c                ll_connect_get_slave_number
 .text.ll_connect_update_get_offset
                0x000000000000ccbc       0xa8 G:\╄    单片机\WCH\CH573\EVT\EXAM\BLE\LIB\libCH57xBLE.a(ll_connect.o)
                0x000000000000ccbc                ll_connect_update_get_offset
 .text.LL_GetNextConnectEventTime
                0x000000000000cd64      0x12c G:\╄    单片机\WCH\CH573\EVT\EXAM\BLE\LIB\libCH57xBLE.a(ll_connect.o)
                0x000000000000cd64                LL_GetNextConnectEventTime
 .text.LL_ConnectToStandby
                0x000000000000ce90       0x80 G:\╄    单片机\WCH\CH573\EVT\EXAM\BLE\LIB\libCH57xBLE.a(ll_connect.o)
                0x000000000000ce90                LL_ConnectToStandby
 .text.LL_ConnectShut
                0x000000000000cf10       0xe2 G:\╄    单片机\WCH\CH573\EVT\EXAM\BLE\LIB\libCH57xBLE.a(ll_connect.o)
                0x000000000000cf10                LL_ConnectShut
 .text.LL_CoreGetCore
                0x000000000000cff2       0x1c G:\╄    单片机\WCH\CH573\EVT\EXAM\BLE\LIB\libCH57xBLE.a(ll_core.o)
                0x000000000000cff2                LL_CoreGetCore
 .text.LL_CoreGetDataList
                0x000000000000d00e       0x36 G:\╄    单片机\WCH\CH573\EVT\EXAM\BLE\LIB\libCH57xBLE.a(ll_core.o)
                0x000000000000d00e                LL_CoreGetDataList
 .text.LL_CoreDataListFree
                0x000000000000d044       0x30 G:\╄    单片机\WCH\CH573\EVT\EXAM\BLE\LIB\libCH57xBLE.a(ll_core.o)
                0x000000000000d044                LL_CoreDataListFree
 .text.LL_CoreClose
                0x000000000000d074       0x8a G:\╄    单片机\WCH\CH573\EVT\EXAM\BLE\LIB\libCH57xBLE.a(ll_core.o)
                0x000000000000d074                LL_CoreClose
 .text.LL_CoreInit
                0x000000000000d0fe       0x10 G:\╄    单片机\WCH\CH573\EVT\EXAM\BLE\LIB\libCH57xBLE.a(ll_core.o)
                0x000000000000d0fe                LL_CoreInit
 .text.LL_ReportGenerateEvent
                0x000000000000d10e       0x42 G:\╄    单片机\WCH\CH573\EVT\EXAM\BLE\LIB\libCH57xBLE.a(ll_report.o)
                0x000000000000d10e                LL_ReportGenerateEvent
 .text.LL_ProcessTMOSReportMsg
                0x000000000000d150      0x598 G:\╄    单片机\WCH\CH573\EVT\EXAM\BLE\LIB\libCH57xBLE.a(ll_report.o)
                0x000000000000d150                LL_ProcessTMOSReportMsg
 .text.LL_ScanToStandby
                0x000000000000d6e8       0x9a G:\╄    单片机\WCH\CH573\EVT\EXAM\BLE\LIB\libCH57xBLE.a(ll_scan.o)
                0x000000000000d6e8                LL_ScanToStandby
 .text.LL_WhitelistLookup
                0x000000000000d782       0x4e G:\╄    单片机\WCH\CH573\EVT\EXAM\BLE\LIB\libCH57xBLE.a(ll_whitelist.o)
                0x000000000000d782                LL_WhitelistLookup
 .text.LL_WhitelistAdd
                0x000000000000d7d0       0xb4 G:\╄    单片机\WCH\CH573\EVT\EXAM\BLE\LIB\libCH57xBLE.a(ll_whitelist.o)
                0x000000000000d7d0                LL_WhitelistAdd
 .text.LL_WhitelistClearAll
                0x000000000000d884       0x4a G:\╄    单片机\WCH\CH573\EVT\EXAM\BLE\LIB\libCH57xBLE.a(ll_whitelist.o)
                0x000000000000d884                LL_WhitelistClearAll
 .text.LL_WhitelistInit
                0x000000000000d8ce       0x12 G:\╄    单片机\WCH\CH573\EVT\EXAM\BLE\LIB\libCH57xBLE.a(ll_whitelist.o)
                0x000000000000d8ce                LL_WhitelistInit
 .text.AES_DevAESEnc
                0x000000000000d8e0      0x1a2 G:\╄    单片机\WCH\CH573\EVT\EXAM\BLE\LIB\libCH57xBLE.a(aes.o)
                0x000000000000d8e0                AES_DevAESEnc
 .text.LL_Encrypt
                0x000000000000da82       0x10 G:\╄    单片机\WCH\CH573\EVT\EXAM\BLE\LIB\libCH57xBLE.a(aes.o)
                0x000000000000da82                LL_Encrypt
 .text.BB_DevInit
                0x000000000000da92       0xba G:\╄    单片机\WCH\CH573\EVT\EXAM\BLE\LIB\libCH57xBLE.a(bb.o)
                0x000000000000da92                BB_DevInit
 .text.DMA_DevInit
                0x000000000000db4c       0x48 G:\╄    单片机\WCH\CH573\EVT\EXAM\BLE\LIB\libCH57xBLE.a(dma.o)
                0x000000000000db4c                DMA_DevInit
 .text.ll_tx_wait_pkt_recv
                0x000000000000db94       0x24 G:\╄    单片机\WCH\CH573\EVT\EXAM\BLE\LIB\libCH57xBLE.a(ip.o)